Component: ARM Compiler 6.14 Tool: armlink [5db06800]

==============================================================================

Section Cross References

    main.o(.text.main) refers to init.o(.rodata.Init) for Init
    main.o(.text.main) refers to motor.o(.rodata.Motor) for Motor
    main.o(.text.main) refers to print.o(.rodata.Print) for Print
    main.o(.text.main) refers to print.o(.rodata.PrintLn) for PrintLn
    main.o(.text.main) refers to bluetooth.o(.rodata.Bluetooth) for Bluetooth
    main.o(.text.main) refers to delay.o(.rodata.Delay) for Delay
    main.o(.text.main) refers to dmatransfer.o(.rodata.DmaTransfer) for DmaTransfer
    main.o(.text.main) refers to print.o(.data..L_MergedGlobals) for listPrint
    main.o(.text.main) refers to bluetooth.o(.data.listBluetooth) for listBluetooth
    main.o(.ARM.exidx.text.main) refers to main.o(.text.main) for [Anonymous Symbol]
    init.o(.ARM.exidx.text.Gpio) refers to init.o(.text.Gpio) for [Anonymous Symbol]
    init.o(.ARM.exidx.text.Systick) refers to init.o(.text.Systick) for [Anonymous Symbol]
    init.o(.ARM.exidx.text.Tim1) refers to init.o(.text.Tim1) for [Anonymous Symbol]
    init.o(.ARM.exidx.text.Uart) refers to init.o(.text.Uart) for [Anonymous Symbol]
    init.o(.ARM.exidx.text.Dma) refers to init.o(.text.Dma) for [Anonymous Symbol]
    init.o(.ARM.exidx.text.FlashMemory) refers to init.o(.text.FlashMemory) for [Anonymous Symbol]
    init.o(.ARM.exidx.text.Rcc) refers to init.o(.text.Rcc) for [Anonymous Symbol]
    init.o(.ARM.exidx.text.Exti) refers to init.o(.text.Exti) for [Anonymous Symbol]
    init.o(.ARM.exidx.text.Irq) refers to init.o(.text.Irq) for [Anonymous Symbol]
    init.o(.rodata.Init) refers to init.o(.text.Gpio) for Gpio
    init.o(.rodata.Init) refers to init.o(.text.Systick) for Systick
    init.o(.rodata.Init) refers to init.o(.text.Tim1) for Tim1
    init.o(.rodata.Init) refers to init.o(.text.Uart) for Uart
    init.o(.rodata.Init) refers to init.o(.text.Dma) for Dma
    init.o(.rodata.Init) refers to init.o(.text.FlashMemory) for FlashMemory
    init.o(.rodata.Init) refers to init.o(.text.Rcc) for Rcc
    init.o(.rodata.Init) refers to init.o(.text.Exti) for Exti
    init.o(.rodata.Init) refers to init.o(.text.Irq) for Irq
    delay.o(.ARM.exidx.text.MicroSecond) refers to delay.o(.text.MicroSecond) for [Anonymous Symbol]
    delay.o(.ARM.exidx.text.MilliSecond) refers to delay.o(.text.MilliSecond) for [Anonymous Symbol]
    delay.o(.ARM.exidx.text.Second) refers to delay.o(.text.Second) for [Anonymous Symbol]
    delay.o(.rodata.Delay) refers to delay.o(.text.MicroSecond) for MicroSecond
    delay.o(.rodata.Delay) refers to delay.o(.text.MilliSecond) for MilliSecond
    delay.o(.rodata.Delay) refers to delay.o(.text.Second) for Second
    print.o(.text.PrintStringFinish) refers to print.o(.data..L_MergedGlobals) for .L_MergedGlobals
    print.o(.text.PrintStringFinish) refers to list.o(.rodata.List) for List
    print.o(.ARM.exidx.text.PrintStringFinish) refers to print.o(.text.PrintStringFinish) for [Anonymous Symbol]
    print.o(.text.PrintTimer) refers to list.o(.rodata.List) for List
    print.o(.text.PrintTimer) refers to print.o(.data..L_MergedGlobals) for .L_MergedGlobals
    print.o(.text.PrintTimer) refers to print.o(.bss.toStringUint.string) for toStringUint.string
    print.o(.ARM.exidx.text.PrintTimer) refers to print.o(.text.PrintTimer) for [Anonymous Symbol]
    print.o(.text.printUint) refers to print.o(.bss.toStringUint.string) for toStringUint.string
    print.o(.text.printUint) refers to list.o(.rodata.List) for List
    print.o(.text.printUint) refers to print.o(.data..L_MergedGlobals) for .L_MergedGlobals
    print.o(.ARM.exidx.text.printUint) refers to print.o(.text.printUint) for [Anonymous Symbol]
    print.o(.text.printInt) refers to print.o(.bss.toStringInt.string) for toStringInt.string
    print.o(.text.printInt) refers to list.o(.rodata.List) for List
    print.o(.text.printInt) refers to print.o(.data..L_MergedGlobals) for .L_MergedGlobals
    print.o(.ARM.exidx.text.printInt) refers to print.o(.text.printInt) for [Anonymous Symbol]
    print.o(.text.printUshort) refers to print.o(.bss.toStringUint.string) for toStringUint.string
    print.o(.text.printUshort) refers to list.o(.rodata.List) for List
    print.o(.text.printUshort) refers to print.o(.data..L_MergedGlobals) for .L_MergedGlobals
    print.o(.ARM.exidx.text.printUshort) refers to print.o(.text.printUshort) for [Anonymous Symbol]
    print.o(.text.printShort) refers to print.o(.bss.toStringInt.string) for toStringInt.string
    print.o(.text.printShort) refers to list.o(.rodata.List) for List
    print.o(.text.printShort) refers to print.o(.data..L_MergedGlobals) for .L_MergedGlobals
    print.o(.ARM.exidx.text.printShort) refers to print.o(.text.printShort) for [Anonymous Symbol]
    print.o(.text.printUbyte) refers to print.o(.bss.toStringUint.string) for toStringUint.string
[...]
    system_stm32f4xx.o(.ARM.exidx.text.SystemInit) refers to system_stm32f4xx.o(.text.SystemInit) for [Anonymous Symbol]
    system_stm32f4xx.o(.text.SystemCoreClockUpdate) refers to system_stm32f4xx.o(.data.SystemCoreClock) for SystemCoreClock
    system_stm32f4xx.o(.text.SystemCoreClockUpdate) refers to system_stm32f4xx.o(.rodata.AHBPrescTable) for AHBPrescTable
    system_stm32f4xx.o(.ARM.exidx.text.SystemCoreClockUpdate) refers to system_stm32f4xx.o(.text.SystemCoreClockUpdate) for [Anonymous Symbol]
    __main.o(!!!main) refers to __rtentry.o(.ARM.Collect$$rtentry$$00000000) for __rt_entry
    __rtentry.o(.ARM.Collect$$rtentry$$00000000) refers (Special) to __rtentry2.o(.ARM.Collect$$rtentry$$0000000A) for __rt_entry_li
    __rtentry.o(.ARM.Collect$$rtentry$$00000000) refers (Special) to __rtentry2.o(.ARM.Collect$$rtentry$$0000000D) for __rt_entry_main
    __rtentry.o(.ARM.Collect$$rtentry$$00000000) refers (Special) to __rtentry2.o(.ARM.Collect$$rtentry$$0000000C) for __rt_entry_postli_1
    __rtentry.o(.ARM.Collect$$rtentry$$00000000) refers (Special) to __rtentry2.o(.ARM.Collect$$rtentry$$00000009) for __rt_entry_postsh_1
    __rtentry.o(.ARM.Collect$$rtentry$$00000000) refers (Special) to __rtentry2.o(.ARM.Collect$$rtentry$$00000002) for __rt_entry_presh_1
    __rtentry.o(.ARM.Collect$$rtentry$$00000000) refers (Special) to __rtentry4.o(.ARM.Collect$$rtentry$$00000004) for __rt_entry_sh
    __rtentry2.o(.ARM.Collect$$rtentry$$00000008) refers to boardinit2.o(.text) for _platform_post_stackheap_init
    __rtentry2.o(.ARM.Collect$$rtentry$$0000000A) refers to libinit.o(.ARM.Collect$$libinit$$00000000) for __rt_lib_init
    __rtentry2.o(.ARM.Collect$$rtentry$$0000000B) refers to boardinit3.o(.text) for _platform_post_lib_init
    __rtentry2.o(.ARM.Collect$$rtentry$$0000000D) refers to main.o(.text.main) for main
    __rtentry2.o(.ARM.Collect$$rtentry$$0000000D) refers to exit.o(.text) for exit
    __rtentry2.o(.ARM.exidx) refers to __rtentry2.o(.ARM.Collect$$rtentry$$00000001) for .ARM.Collect$$rtentry$$00000001
    __rtentry2.o(.ARM.exidx) refers to __rtentry2.o(.ARM.Collect$$rtentry$$00000008) for .ARM.Collect$$rtentry$$00000008
    __rtentry2.o(.ARM.exidx) refers to __rtentry2.o(.ARM.Collect$$rtentry$$0000000A) for .ARM.Collect$$rtentry$$0000000A
    __rtentry2.o(.ARM.exidx) refers to __rtentry2.o(.ARM.Collect$$rtentry$$0000000B) for .ARM.Collect$$rtentry$$0000000B
    __rtentry2.o(.ARM.exidx) refers to __rtentry2.o(.ARM.Collect$$rtentry$$0000000D) for .ARM.Collect$$rtentry$$0000000D
    __rtentry4.o(.ARM.Collect$$rtentry$$00000004) refers to sys_stackheap_outer.o(.text) for __user_setup_stackheap
    __rtentry4.o(.ARM.exidx) refers to __rtentry4.o(.ARM.Collect$$rtentry$$00000004) for .ARM.Collect$$rtentry$$00000004
    sys_stackheap_outer.o(.text) refers to libspace.o(.text) for __user_perproc_libspace
    sys_stackheap_outer.o(.text) refers to startup_stm32f446xx.o(.text) for __user_initial_stackheap
    exit.o(.text) refers to rtexit.o(.ARM.Collect$$rtexit$$00000000) for __rt_exit
    libinit.o(.ARM.Collect$$libinit$$00000000) refers (Special) to libinit2.o(.ARM.Collect$$libinit$$0000002E) for __rt_lib_init_alloca_1
    libinit.o(.ARM.Collect$$libinit$$00000000) refers (Special) to libinit2.o(.ARM.Collect$$libinit$$0000002C) for __rt_lib_init_argv_1
    libinit.o(.ARM.Collect$$libinit$$00000000) refers (Special) to libinit2.o(.ARM.Collect$$libinit$$0000001B) for __rt_lib_init_atexit_1
    libinit.o(.ARM.Collect$$libinit$$00000000) refers (Special) to libinit2.o(.ARM.Collect$$libinit$$00000021) for __rt_lib_init_clock_1
    libinit.o(.ARM.Collect$$libinit$$00000000) refers (Special) to libinit2.o(.ARM.Collect$$libinit$$00000032) for __rt_lib_init_cpp_1
    libinit.o(.ARM.Collect$$libinit$$00000000) refers (Special) to libinit2.o(.ARM.Collect$$libinit$$00000030) for __rt_lib_init_exceptions_1
    libinit.o(.ARM.Collect$$libinit$$00000000) refers (Special) to libinit2.o(.ARM.Collect$$libinit$$00000001) for __rt_lib_init_fp_1
    libinit.o(.ARM.Collect$$libinit$$00000000) refers (Special) to libinit2.o(.ARM.Collect$$libinit$$0000001F) for __rt_lib_init_fp_trap_1
    libinit.o(.ARM.Collect$$libinit$$00000000) refers (Special) to libinit2.o(.ARM.Collect$$libinit$$00000023) for __rt_lib_init_getenv_1
    libinit.o(.ARM.Collect$$libinit$$00000000) refers (Special) to libinit2.o(.ARM.Collect$$libinit$$0000000A) for __rt_lib_init_heap_1
    libinit.o(.ARM.Collect$$libinit$$00000000) refers (Special) to libinit2.o(.ARM.Collect$$libinit$$00000011) for __rt_lib_init_lc_collate_1
    libinit.o(.ARM.Collect$$libinit$$00000000) refers (Special) to libinit2.o(.ARM.Collect$$libinit$$00000013) for __rt_lib_init_lc_ctype_1
    libinit.o(.ARM.Collect$$libinit$$00000000) refers (Special) to libinit2.o(.ARM.Collect$$libinit$$00000015) for __rt_lib_init_lc_monetary_1
    libinit.o(.ARM.Collect$$libinit$$00000000) refers (Special) to libinit2.o(.ARM.Collect$$libinit$$00000017) for __rt_lib_init_lc_numeric_1
    libinit.o(.ARM.Collect$$libinit$$00000000) refers (Special) to libinit2.o(.ARM.Collect$$libinit$$00000019) for __rt_lib_init_lc_time_1
    libinit.o(.ARM.Collect$$libinit$$00000000) refers (Special) to libinit2.o(.ARM.Collect$$libinit$$00000004) for __rt_lib_init_preinit_1
    libinit.o(.ARM.Collect$$libinit$$00000000) refers (Special) to libinit2.o(.ARM.Collect$$libinit$$0000000E) for __rt_lib_init_rand_1
    libinit.o(.ARM.Collect$$libinit$$00000000) refers (Special) to libinit2.o(.ARM.Collect$$libinit$$00000033) for __rt_lib_init_return
    libinit.o(.ARM.Collect$$libinit$$00000000) refers (Special) to libinit2.o(.ARM.Collect$$libinit$$0000001D) for __rt_lib_init_signal_1
    libinit.o(.ARM.Collect$$libinit$$00000000) refers (Special) to libinit2.o(.ARM.Collect$$libinit$$00000025) for __rt_lib_init_stdio_1
    libinit.o(.ARM.Collect$$libinit$$00000000) refers (Special) to libinit2.o(.ARM.Collect$$libinit$$0000000C) for __rt_lib_init_user_alloc_1
    libspace.o(.text) refers to libspace.o(.bss) for __libspace_start
    rtexit.o(.ARM.Collect$$rtexit$$00000000) refers (Special) to rtexit2.o(.ARM.Collect$$rtexit$$00000004) for __rt_exit_exit
    rtexit.o(.ARM.Collect$$rtexit$$00000000) refers (Special) to rtexit2.o(.ARM.Collect$$rtexit$$00000003) for __rt_exit_ls
    rtexit.o(.ARM.Collect$$rtexit$$00000000) refers (Special) to rtexit2.o(.ARM.Collect$$rtexit$$00000002) for __rt_exit_prels_1
    rtexit.o(.ARM.exidx) refers (Special) to rtexit2.o(.ARM.Collect$$rtexit$$00000004) for __rt_exit_exit
    rtexit.o(.ARM.exidx) refers (Special) to rtexit2.o(.ARM.Collect$$rtexit$$00000003) for __rt_exit_ls
    rtexit.o(.ARM.exidx) refers (Special) to rtexit2.o(.ARM.Collect$$rtexit$$00000002) for __rt_exit_prels_1
    rtexit.o(.ARM.exidx) refers to rtexit.o(.ARM.Collect$$rtexit$$00000000) for .ARM.Collect$$rtexit$$00000000
    libinit2.o(.ARM.Collect$$libinit$$00000001) refers to fpinit.o(x$fpl$fpinit) for _fp_init
    libinit2.o(.ARM.Collect$$libinit$$00000010) refers to libinit2.o(.ARM.Collect$$libinit$$0000000F) for .ARM.Collect$$libinit$$0000000F
    libinit2.o(.ARM.Collect$$libinit$$00000012) refers to libinit2.o(.ARM.Collect$$libinit$$0000000F) for .ARM.Collect$$libinit$$0000000F
    libinit2.o(.ARM.Collect$$libinit$$00000014) refers to libinit2.o(.ARM.Collect$$libinit$$0000000F) for .ARM.Collect$$libinit$$0000000F
    libinit2.o(.ARM.Collect$$libinit$$00000016) refers to libinit2.o(.ARM.Collect$$libinit$$0000000F) for .ARM.Collect$$libinit$$0000000F
    libinit2.o(.ARM.Collect$$libinit$$00000018) refers to libinit2.o(.ARM.Collect$$libinit$$0000000F) for .ARM.Collect$$libinit$$0000000F
    libinit2.o(.ARM.Collect$$libinit$$00000026) refers to argv_veneer.o(.emb_text) for __ARM_argv_veneer
    libinit2.o(.ARM.Collect$$libinit$$00000027) refers to argv_veneer.o(.emb_text) for __ARM_argv_veneer
    rtexit2.o(.ARM.Collect$$rtexit$$00000003) refers to libshutdown.o(.ARM.Collect$$libshutdown$$00000000) for __rt_lib_shutdown
    rtexit2.o(.ARM.Collect$$rtexit$$00000004) refers to sys_exit.o(.text) for _sys_exit
    rtexit2.o(.ARM.exidx) refers to rtexit2.o(.ARM.Collect$$rtexit$$00000001) for .ARM.Collect$$rtexit$$00000001
    rtexit2.o(.ARM.exidx) refers to rtexit2.o(.ARM.Collect$$rtexit$$00000003) for .ARM.Collect$$rtexit$$00000003
    rtexit2.o(.ARM.exidx) refers to rtexit2.o(.ARM.Collect$$rtexit$$00000004) for .ARM.Collect$$rtexit$$00000004
    argv_veneer.o(.emb_text) refers to no_argv.o(.text) for __ARM_get_argv
    sys_exit.o(.text) refers (Special) to use_no_semi.o(.text) for __I$use$semihosting
    sys_exit.o(.text) refers (Special) to indicate_semi.o(.text) for __semihosting_library_function
    sys_exit_hlt.o(.text) refers (Special) to use_no_semi.o(.text) for __I$use$semihosting
    sys_exit_hlt.o(.text) refers (Special) to indicate_semi.o(.text) for __semihosting_library_function
    _get_argv_nomalloc.o(.text) refers (Special) to hrguard.o(.text) for __heap_region$guard
    _get_argv_nomalloc.o(.text) refers to defsig_rtmem_outer.o(.text) for __rt_SIGRTMEM
    _get_argv_nomalloc.o(.text) refers to sys_command.o(.text) for _sys_command_string
    libshutdown.o(.ARM.Collect$$libshutdown$$00000000) refers (Special) to libshutdown2.o(.ARM.Collect$$libshutdown$$00000002) for __rt_lib_shutdown_cpp_1
    libshutdown.o(.ARM.Collect$$libshutdown$$00000000) refers (Special) to libshutdown2.o(.ARM.Collect$$libshutdown$$00000007) for __rt_lib_shutdown_fp_trap_1
    libshutdown.o(.ARM.Collect$$libshutdown$$00000000) refers (Special) to libshutdown2.o(.ARM.Collect$$libshutdown$$0000000F) for __rt_lib_shutdown_heap_1
    libshutdown.o(.ARM.Collect$$libshutdown$$00000000) refers (Special) to libshutdown2.o(.ARM.Collect$$libshutdown$$00000010) for __rt_lib_shutdown_return
    libshutdown.o(.ARM.Collect$$libshutdown$$00000000) refers (Special) to libshutdown2.o(.ARM.Collect$$libshutdown$$0000000A) for __rt_lib_shutdown_signal_1
    libshutdown.o(.ARM.Collect$$libshutdown$$00000000) refers (Special) to libshutdown2.o(.ARM.Collect$$libshutdown$$00000004) for __rt_lib_shutdown_stdio_1
    libshutdown.o(.ARM.Collect$$libshutdown$$00000000) refers (Special) to libshutdown2.o(.ARM.Collect$$libshutdown$$0000000C) for __rt_lib_shutdown_user_alloc_1
    sys_command.o(.text) refers (Special) to use_no_semi.o(.text) for __I$use$semihosting
    sys_command.o(.text) refers (Special) to indicate_semi.o(.text) for __semihosting_library_function
    sys_command_hlt.o(.text) refers (Special) to use_no_semi.o(.text) for __I$use$semihosting
    sys_command_hlt.o(.text) refers (Special) to indicate_semi.o(.text) for __semihosting_library_function
    defsig_rtmem_outer.o(.text) refers to defsig_rtmem_inner.o(.text) for __rt_SIGRTMEM_inner
    defsig_rtmem_outer.o(.text) refers to defsig_exit.o(.text) for __sig_exit
    defsig_rtmem_formal.o(.text) refers to rt_raise.o(.text) for __rt_raise
    rt_raise.o(.text) refers to __raise.o(.text) for __raise
    rt_raise.o(.text) refers to sys_exit.o(.text) for _sys_exit
    defsig_exit.o(.text) refers to sys_exit.o(.text) for _sys_exit
    defsig_rtmem_inner.o(.text) refers to defsig_general.o(.text) for __default_signal_display
    __raise.o(.text) refers to defsig.o(CL$$defsig) for __default_signal_handler
    defsig_general.o(.text) refers to sys_wrch.o(.text) for _ttywrch
    sys_wrch.o(.text) refers (Special) to use_no_semi.o(.text) for __I$use$semihosting
    sys_wrch.o(.text) refers (Special) to indicate_semi.o(.text) for __semihosting_library_function
    sys_wrch_hlt.o(.text) refers (Special) to use_no_semi.o(.text) for __I$use$semihosting
    sys_wrch_hlt.o(.text) refers (Special) to indicate_semi.o(.text) for __semihosting_library_function
    defsig.o(CL$$defsig) refers to defsig_rtmem_inner.o(.text) for __rt_SIGRTMEM_inner
    defsig_abrt_inner.o(.text) refers to defsig_general.o(.text) for __default_signal_display
    defsig_fpe_inner.o(.text) refers to defsig_general.o(.text) for __default_signal_display
    defsig_rtred_inner.o(.text) refers to defsig_general.o(.text) for __default_signal_display
    defsig_stak_inner.o(.text) refers to defsig_general.o(.text) for __default_signal_display
    defsig_pvfn_inner.o(.text) refers to defsig_general.o(.text) for __default_signal_display
    defsig_cppl_inner.o(.text) refers to defsig_general.o(.text) for __default_signal_display
    defsig_segv_inner.o(.text) refers to defsig_general.o(.text) for __default_signal_display
    defsig_other.o(.text) refers to defsig_general.o(.text) for __default_signal_display


==============================================================================

Removing Unused input sections from the image.

    Removing main.o(.text), (0 bytes).
    Removing main.o(.ARM.exidx.text.main), (8 bytes).
    Removing main.o(.ARM.use_no_argv), (4 bytes).
    Removing init.o(.text), (0 bytes).
    Removing init.o(.ARM.exidx.text.Gpio), (8 bytes).
    Removing init.o(.ARM.exidx.text.Systick), (8 bytes).
    Removing init.o(.ARM.exidx.text.Tim1), (8 bytes).
    Removing init.o(.ARM.exidx.text.Uart), (8 bytes).
    Removing init.o(.ARM.exidx.text.Dma), (8 bytes).
    Removing init.o(.ARM.exidx.text.FlashMemory), (8 bytes).
    Removing init.o(.ARM.exidx.text.Rcc), (8 bytes).
    Removing init.o(.ARM.exidx.text.Exti), (8 bytes).
    Removing init.o(.ARM.exidx.text.Irq), (8 bytes).
    Removing delay.o(.text), (0 bytes).
    Removing delay.o(.ARM.exidx.text.MicroSecond), (8 bytes).
    Removing delay.o(.ARM.exidx.text.MilliSecond), (8 bytes).
    Removing delay.o(.ARM.exidx.text.Second), (8 bytes).
    Removing print.o(.text), (0 bytes).
    Removing print.o(.text.PrintStringFinish), (76 bytes).
    Removing print.o(.ARM.exidx.text.PrintStringFinish), (8 bytes).
    Removing print.o(.text.PrintTimer), (238 bytes).
    Removing print.o(.ARM.exidx.text.PrintTimer), (8 bytes).
    Removing print.o(.ARM.exidx.text.printUint), (8 bytes).
    Removing print.o(.ARM.exidx.text.printInt), (8 bytes).
    Removing print.o(.ARM.exidx.text.printUshort), (8 bytes).
    Removing print.o(.ARM.exidx.text.printShort), (8 bytes).
    Removing print.o(.ARM.exidx.text.printUbyte), (8 bytes).
    Removing print.o(.ARM.exidx.text.printByte), (8 bytes).
    Removing print.o(.ARM.exidx.text.printFloat), (8 bytes).
    Removing print.o(.ARM.exidx.text.printComplex), (8 bytes).
    Removing print.o(.ARM.exidx.text.printString), (8 bytes).
    Removing print.o(.ARM.exidx.text.printConstString), (8 bytes).
    Removing print.o(.ARM.exidx.text.printLnUint), (8 bytes).
    Removing print.o(.ARM.exidx.text.printLnInt), (8 bytes).
    Removing print.o(.ARM.exidx.text.printLnUshort), (8 bytes).
    Removing print.o(.ARM.exidx.text.printLnShort), (8 bytes).
    Removing print.o(.ARM.exidx.text.printLnUbyte), (8 bytes).
    Removing print.o(.ARM.exidx.text.printLnByte), (8 bytes).
    Removing print.o(.ARM.exidx.text.printLnFloat), (8 bytes).
    Removing print.o(.ARM.exidx.text.printLnComplex), (8 bytes).
    Removing print.o(.ARM.exidx.text.printLnString), (8 bytes).
    Removing print.o(.ARM.exidx.text.printLnConstString), (8 bytes).
    Removing print.o(.ARM.exidx.text.toStringFloat), (8 bytes).
    Removing complex.o(.text), (0 bytes).
    Removing complex.o(.text.complexMultiply), (30 bytes).
    Removing complex.o(.ARM.exidx.text.complexMultiply), (8 bytes).
    Removing complex.o(.text.complexAdd), (10 bytes).
    Removing complex.o(.ARM.exidx.text.complexAdd), (8 bytes).
    Removing complex.o(.text.complexSub), (10 bytes).
    Removing complex.o(.ARM.exidx.text.complexSub), (8 bytes).
    Removing complex.o(.text.complexAbs), (18 bytes).
    Removing complex.o(.ARM.exidx.text.complexAbs), (8 bytes).
    Removing complex.o(.text.complexAbsInSquare), (14 bytes).
    Removing complex.o(.ARM.exidx.text.complexAbsInSquare), (8 bytes).
    Removing complex.o(.rodata.Complex), (20 bytes).
    Removing list.o(.text), (0 bytes).
    Removing list.o(.ARM.exidx.text.listCount), (8 bytes).
    Removing list.o(.ARM.exidx.text.listCopy), (8 bytes).
    Removing list.o(.ARM.exidx.text.listClear), (8 bytes).
    Removing list.o(.ARM.exidx.text.listIndexWrite), (8 bytes).
    Removing list.o(.ARM.exidx.text.listIndexRead), (8 bytes).
    Removing list.o(.ARM.exidx.text.listWriteUbyte), (8 bytes).
    Removing list.o(.ARM.exidx.text.listWriteByte), (8 bytes).
    Removing list.o(.ARM.exidx.text.listWriteUshort), (8 bytes).
    Removing list.o(.ARM.exidx.text.listWriteShort), (8 bytes).
    Removing list.o(.ARM.exidx.text.listWriteUint), (8 bytes).
    Removing list.o(.ARM.exidx.text.listWriteInt), (8 bytes).
    Removing list.o(.ARM.exidx.text.listWriteFloat), (8 bytes).
    Removing list.o(.ARM.exidx.text.listWriteComplex), (8 bytes).
    Removing list.o(.ARM.exidx.text.listWriteString), (8 bytes).
    Removing list.o(.ARM.exidx.text.listReadUbyte), (8 bytes).
    Removing list.o(.ARM.exidx.text.listReadByte), (8 bytes).
    Removing list.o(.ARM.exidx.text.listReadUshort), (8 bytes).
    Removing list.o(.ARM.exidx.text.listReadShort), (8 bytes).
    Removing list.o(.ARM.exidx.text.listReadUint), (8 bytes).
    Removing list.o(.ARM.exidx.text.listReadInt), (8 bytes).
    Removing list.o(.ARM.exidx.text.listReadFloat), (8 bytes).
    Removing list.o(.ARM.exidx.text.listReadComplex), (8 bytes).
    Removing dmatransfer.o(.text), (0 bytes).
    Removing dmatransfer.o(.ARM.exidx.text.Uart1), (8 bytes).
    Removing dmatransfer.o(.ARM.exidx.text.Uart3), (8 bytes).
    Removing irq.o(.text), (0 bytes).
    Removing irq.o(.ARM.exidx.text.EXTI0_IRQHandler), (8 bytes).
    Removing irq.o(.ARM.exidx.text.EXTI1_IRQHandler), (8 bytes).
    Removing irq.o(.ARM.exidx.text.EXTI2_IRQHandler), (8 bytes).
    Removing irq.o(.ARM.exidx.text.USART3_IRQHandler), (8 bytes).
    Removing motor.o(.text), (0 bytes).
    Removing motor.o(.ARM.exidx.text.speedSet), (8 bytes).
    Removing motor.o(.ARM.exidx.text.speedGet), (8 bytes).
    Removing motor.o(.ARM.exidx.text.coilsUpdate), (8 bytes).
    Removing bluetooth.o(.text), (0 bytes).
    Removing bluetooth.o(.ARM.exidx.text.bluetoothSendData), (8 bytes).
    Removing bluetooth.o(.ARM.exidx.text.bluetoothSendString), (8 bytes).
    Removing system_stm32f4xx.o(.text), (0 bytes).
    Removing system_stm32f4xx.o(.ARM.exidx.text.SystemInit), (8 bytes).
    Removing system_stm32f4xx.o(.text.SystemCoreClockUpdate), (124 bytes).
    Removing system_stm32f4xx.o(.ARM.exidx.text.SystemCoreClockUpdate), (8 bytes).
    Removing system_stm32f4xx.o(.data.SystemCoreClock), (4 bytes).
    Removing system_stm32f4xx.o(.rodata.AHBPrescTable), (16 bytes).
    Removing system_stm32f4xx.o(.rodata.APBPrescTable), (8 bytes).

100 unused section(s) (total 1180 bytes) removed from the image.

==============================================================================

Image Symbol Table

    Local Symbols

    Symbol Name                              Value     Ov Type        Size  Object(Section)

    ../clib/angel/boardlib.s                 0x00000000   Number         0  boardinit1.o ABSOLUTE
    ../clib/angel/boardlib.s                 0x00000000   Number         0  boardinit2.o ABSOLUTE
    ../clib/angel/boardlib.s                 0x00000000   Number         0  boardinit3.o ABSOLUTE
    ../clib/angel/boardlib.s                 0x00000000   Number         0  boardshut.o ABSOLUTE
    ../clib/angel/handlers.s                 0x00000000   Number         0  __scatter_copy.o ABSOLUTE
    ../clib/angel/handlers.s                 0x00000000   Number         0  __scatter_zi.o ABSOLUTE
    ../clib/angel/kernel.s                   0x00000000   Number         0  __rtentry.o ABSOLUTE
    ../clib/angel/kernel.s                   0x00000000   Number         0  __rtentry2.o ABSOLUTE
    ../clib/angel/kernel.s                   0x00000000   Number         0  __rtentry4.o ABSOLUTE
    ../clib/angel/kernel.s                   0x00000000   Number         0  rtexit.o ABSOLUTE
    ../clib/angel/kernel.s                   0x00000000   Number         0  rtexit2.o ABSOLUTE
    ../clib/angel/rt.s                       0x00000000   Number         0  rt_raise.o ABSOLUTE
    ../clib/angel/scatter.s                  0x00000000   Number         0  __scatter.o ABSOLUTE
    ../clib/angel/startup.s                  0x00000000   Number         0  __main.o ABSOLUTE
    ../clib/angel/sys.s                      0x00000000   Number         0  sys_stackheap_outer.o ABSOLUTE
    ../clib/angel/sys.s                      0x00000000   Number         0  libspace.o ABSOLUTE
    ../clib/angel/sys.s                      0x00000000   Number         0  use_no_semi.o ABSOLUTE
    ../clib/angel/sys.s                      0x00000000   Number         0  indicate_semi.o ABSOLUTE
    ../clib/angel/sysapp.c                   0x00000000   Number         0  sys_exit.o ABSOLUTE
    ../clib/angel/sysapp.c                   0x00000000   Number         0  sys_exit_hlt.o ABSOLUTE
    ../clib/angel/sysapp.c                   0x00000000   Number         0  sys_command.o ABSOLUTE
    ../clib/angel/sysapp.c                   0x00000000   Number         0  sys_command_hlt.o ABSOLUTE
    ../clib/angel/sysapp.c                   0x00000000   Number         0  sys_wrch.o ABSOLUTE
    ../clib/angel/sysapp.c                   0x00000000   Number         0  sys_wrch_hlt.o ABSOLUTE
    ../clib/armsys.c                         0x00000000   Number         0  argv_veneer.o ABSOLUTE
    ../clib/armsys.c                         0x00000000   Number         0  argv_veneer.o ABSOLUTE
    ../clib/armsys.c                         0x00000000   Number         0  _get_argv_nomalloc.o ABSOLUTE
    ../clib/armsys.c                         0x00000000   Number         0  no_argv.o ABSOLUTE
    ../clib/heapalloc.c                      0x00000000   Number         0  hrguard.o ABSOLUTE
    ../clib/heapaux.c                        0x00000000   Number         0  heapauxi.o ABSOLUTE
    ../clib/libinit.s                        0x00000000   Number         0  libinit.o ABSOLUTE
    ../clib/libinit.s                        0x00000000   Number         0  libinit2.o ABSOLUTE
    ../clib/libinit.s                        0x00000000   Number         0  libshutdown.o ABSOLUTE
    ../clib/libinit.s                        0x00000000   Number         0  libshutdown2.o ABSOLUTE
    ../clib/signal.c                         0x00000000   Number         0  defsig_rtmem_outer.o ABSOLUTE
    ../clib/signal.c                         0x00000000   Number         0  defsig_rtmem_formal.o ABSOLUTE
    ../clib/signal.c                         0x00000000   Number         0  defsig_exit.o ABSOLUTE
    ../clib/signal.c                         0x00000000   Number         0  defsig_rtmem_inner.o ABSOLUTE
    ../clib/signal.c                         0x00000000   Number         0  __raise.o ABSOLUTE
    ../clib/signal.c                         0x00000000   Number         0  defsig_general.o ABSOLUTE
    ../clib/signal.c                         0x00000000   Number         0  defsig_abrt_inner.o ABSOLUTE
    ../clib/signal.c                         0x00000000   Number         0  defsig_fpe_inner.o ABSOLUTE
    ../clib/signal.c                         0x00000000   Number         0  defsig_rtred_inner.o ABSOLUTE
    ../clib/signal.c                         0x00000000   Number         0  defsig_stak_inner.o ABSOLUTE
    ../clib/signal.c                         0x00000000   Number         0  defsig_pvfn_inner.o ABSOLUTE
    ../clib/signal.c                         0x00000000   Number         0  defsig_cppl_inner.o ABSOLUTE
    ../clib/signal.c                         0x00000000   Number         0  defsig_segv_inner.o ABSOLUTE
    ../clib/signal.c                         0x00000000   Number         0  defsig_other.o ABSOLUTE
    ../clib/signal.s                         0x00000000   Number         0  defsig.o ABSOLUTE
    ../clib/stdlib.c                         0x00000000   Number         0  exit.o ABSOLUTE
    ../fplib/fpinit.s                        0x00000000   Number         0  fpinit.o ABSOLUTE
    RTE/Device/STM32F446RETx/startup_stm32f446xx.s 0x00000000   Number         0  startup_stm32f446xx.o ABSOLUTE
    bluetooth.c                              0x00000000   Number         0  bluetooth.o ABSOLUTE
    complex.c                                0x00000000   Number         0  complex.o ABSOLUTE
    dc.s                                     0x00000000   Number         0  dc.o ABSOLUTE
    delay.c                                  0x00000000   Number         0  delay.o ABSOLUTE
    dmaTransfer.c                            0x00000000   Number         0  dmatransfer.o ABSOLUTE
    init.c                                   0x00000000   Number         0  init.o ABSOLUTE
    irq.c                                    0x00000000   Number         0  irq.o ABSOLUTE
    list.c                                   0x00000000   Number         0  list.o ABSOLUTE
    main.c                                   0x00000000   Number         0  main.o ABSOLUTE
    motor.c                                  0x00000000   Number         0  motor.o ABSOLUTE
    print.c                                  0x00000000   Number         0  print.o ABSOLUTE
    system_stm32f4xx.c                       0x00000000   Number         0  system_stm32f4xx.o ABSOLUTE
    RESET                                    0x08000000   Section      452  startup_stm32f446xx.o(RESET)
    !!!main                                  0x080001c4   Section        8  __main.o(!!!main)
    !!!scatter                               0x080001cc   Section       52  __scatter.o(!!!scatter)
    !!handler_copy                           0x08000200   Section       26  __scatter_copy.o(!!handler_copy)
    !!handler_zi                             0x0800021c   Section       28  __scatter_zi.o(!!handler_zi)
    .ARM.Collect$$libinit$$00000000          0x08000238   Section        2  libinit.o(.ARM.Collect$$libinit$$00000000)
    .ARM.Collect$$libinit$$00000001          0x0800023a   Section        4  libinit2.o(.ARM.Collect$$libinit$$00000001)
    .ARM.Collect$$libinit$$00000004          0x0800023e   Section        0  libinit2.o(.ARM.Collect$$libinit$$00000004)
    .ARM.Collect$$libinit$$0000000A          0x0800023e   Section        0  libinit2.o(.ARM.Collect$$libinit$$0000000A)
    .ARM.Collect$$libinit$$0000000C          0x0800023e   Section        0  libinit2.o(.ARM.Collect$$libinit$$0000000C)
    .ARM.Collect$$libinit$$0000000E          0x0800023e   Section        0  libinit2.o(.ARM.Collect$$libinit$$0000000E)
    .ARM.Collect$$libinit$$00000011          0x0800023e   Section        0  libinit2.o(.ARM.Collect$$libinit$$00000011)
    .ARM.Collect$$libinit$$00000013          0x0800023e   Section        0  libinit2.o(.ARM.Collect$$libinit$$00000013)
    .ARM.Collect$$libinit$$00000015          0x0800023e   Section        0  libinit2.o(.ARM.Collect$$libinit$$00000015)
    .ARM.Collect$$libinit$$00000017          0x0800023e   Section        0  libinit2.o(.ARM.Collect$$libinit$$00000017)
    .ARM.Collect$$libinit$$00000019          0x0800023e   Section        0  libinit2.o(.ARM.Collect$$libinit$$00000019)
    .ARM.Collect$$libinit$$0000001B          0x0800023e   Section        0  libinit2.o(.ARM.Collect$$libinit$$0000001B)
    .ARM.Collect$$libinit$$0000001D          0x0800023e   Section        0  libinit2.o(.ARM.Collect$$libinit$$0000001D)
    .ARM.Collect$$libinit$$0000001F          0x0800023e   Section        0  libinit2.o(.ARM.Collect$$libinit$$0000001F)
    .ARM.Collect$$libinit$$00000021          0x0800023e   Section        0  libinit2.o(.ARM.Collect$$libinit$$00000021)
    .ARM.Collect$$libinit$$00000023          0x0800023e   Section        0  libinit2.o(.ARM.Collect$$libinit$$00000023)
    .ARM.Collect$$libinit$$00000025          0x0800023e   Section        0  libinit2.o(.ARM.Collect$$libinit$$00000025)
    .ARM.Collect$$libinit$$0000002C          0x0800023e   Section        0  libinit2.o(.ARM.Collect$$libinit$$0000002C)
    .ARM.Collect$$libinit$$0000002E          0x0800023e   Section        0  libinit2.o(.ARM.Collect$$libinit$$0000002E)
    .ARM.Collect$$libinit$$00000030          0x0800023e   Section        0  libinit2.o(.ARM.Collect$$libinit$$00000030)
    .ARM.Collect$$libinit$$00000032          0x0800023e   Section        0  libinit2.o(.ARM.Collect$$libinit$$00000032)
    .ARM.Collect$$libinit$$00000033          0x0800023e   Section        2  libinit2.o(.ARM.Collect$$libinit$$00000033)
    .ARM.Collect$$libshutdown$$00000000      0x08000240   Section        2  libshutdown.o(.ARM.Collect$$libshutdown$$00000000)
    .ARM.Collect$$libshutdown$$00000002      0x08000242   Section        0  libshutdown2.o(.ARM.Collect$$libshutdown$$00000002)
    .ARM.Collect$$libshutdown$$00000004      0x08000242   Section        0  libshutdown2.o(.ARM.Collect$$libshutdown$$00000004)
    .ARM.Collect$$libshutdown$$00000007      0x08000242   Section        0  libshutdown2.o(.ARM.Collect$$libshutdown$$00000007)
    .ARM.Collect$$libshutdown$$0000000A      0x08000242   Section        0  libshutdown2.o(.ARM.Collect$$libshutdown$$0000000A)
    .ARM.Collect$$libshutdown$$0000000C      0x08000242   Section        0  libshutdown2.o(.ARM.Collect$$libshutdown$$0000000C)
    .ARM.Collect$$libshutdown$$0000000F      0x08000242   Section        0  libshutdown2.o(.ARM.Collect$$libshutdown$$0000000F)
    .ARM.Collect$$libshutdown$$00000010      0x08000242   Section        2  libshutdown2.o(.ARM.Collect$$libshutdown$$00000010)
    .ARM.Collect$$rtentry$$00000000          0x08000244   Section        0  __rtentry.o(.ARM.Collect$$rtentry$$00000000)
    .ARM.Collect$$rtentry$$00000002          0x08000244   Section        0  __rtentry2.o(.ARM.Collect$$rtentry$$00000002)
    .ARM.Collect$$rtentry$$00000004          0x08000244   Section        6  __rtentry4.o(.ARM.Collect$$rtentry$$00000004)
    .ARM.Collect$$rtentry$$00000009          0x0800024a   Section        0  __rtentry2.o(.ARM.Collect$$rtentry$$00000009)
    .ARM.Collect$$rtentry$$0000000A          0x0800024a   Section        4  __rtentry2.o(.ARM.Collect$$rtentry$$0000000A)
    .ARM.Collect$$rtentry$$0000000C          0x0800024e   Section        0  __rtentry2.o(.ARM.Collect$$rtentry$$0000000C)
    .ARM.Collect$$rtentry$$0000000D          0x0800024e   Section        8  __rtentry2.o(.ARM.Collect$$rtentry$$0000000D)
    .ARM.Collect$$rtexit$$00000000           0x08000256   Section        2  rtexit.o(.ARM.Collect$$rtexit$$00000000)
    .ARM.Collect$$rtexit$$00000002           0x08000258   Section        0  rtexit2.o(.ARM.Collect$$rtexit$$00000002)
    .ARM.Collect$$rtexit$$00000003           0x08000258   Section        4  rtexit2.o(.ARM.Collect$$rtexit$$00000003)
    .ARM.Collect$$rtexit$$00000004           0x0800025c   Section        6  rtexit2.o(.ARM.Collect$$rtexit$$00000004)
    $v0                                      0x08000264   Number         0  startup_stm32f446xx.o(.text)
    .text                                    0x08000264   Section       64  startup_stm32f446xx.o(.text)
    .text                                    0x080002a4   Section        0  heapauxi.o(.text)
    .text                                    0x080002aa   Section       74  sys_stackheap_outer.o(.text)
    .text                                    0x080002f4   Section        0  exit.o(.text)
    .text                                    0x08000308   Section        8  libspace.o(.text)
    .text                                    0x08000310   Section        0  sys_exit.o(.text)
    .text                                    0x0800031c   Section        2  use_no_semi.o(.text)
    .text                                    0x0800031e   Section        0  indicate_semi.o(.text)
    Dma                                      0x08000321   Thumb Code   112  init.o(.text.Dma)
    [Anonymous Symbol]                       0x08000320   Section        0  init.o(.text.Dma)
    [Anonymous Symbol]                       0x08000390   Section        0  irq.o(.text.EXTI0_IRQHandler)
    [Anonymous Symbol]                       0x080003a8   Section        0  irq.o(.text.EXTI1_IRQHandler)
    [Anonymous Symbol]                       0x080003c0   Section        0  irq.o(.text.EXTI2_IRQHandler)
    Exti                                     0x080003d9   Thumb Code   154  init.o(.text.Exti)
    [Anonymous Symbol]                       0x080003d8   Section        0  init.o(.text.Exti)
    FlashMemory                              0x08000475   Thumb Code    42  init.o(.text.FlashMemory)
    [Anonymous Symbol]                       0x08000474   Section        0  init.o(.text.FlashMemory)
    Gpio                                     0x080004a1   Thumb Code   500  init.o(.text.Gpio)
    [Anonymous Symbol]                       0x080004a0   Section        0  init.o(.text.Gpio)
    Irq                                      0x08000695   Thumb Code    26  init.o(.text.Irq)
    [Anonymous Symbol]                       0x08000694   Section        0  init.o(.text.Irq)
    MicroSecond                              0x080006b1   Thumb Code   508  delay.o(.text.MicroSecond)
    [Anonymous Symbol]                       0x080006b0   Section        0  delay.o(.text.MicroSecond)
    MilliSecond                              0x080008ad   Thumb Code   520  delay.o(.text.MilliSecond)
    [Anonymous Symbol]                       0x080008ac   Section        0  delay.o(.text.MilliSecond)
    Rcc                                      0x08000ab5   Thumb Code   212  init.o(.text.Rcc)
    [Anonymous Symbol]                       0x08000ab4   Section        0  init.o(.text.Rcc)
    Second                                   0x08000b89   Thumb Code   520  delay.o(.text.Second)
    [Anonymous Symbol]                       0x08000b88   Section        0  delay.o(.text.Second)
    [Anonymous Symbol]                       0x08000d90   Section        0  system_stm32f4xx.o(.text.SystemInit)
    Systick                                  0x08000de9   Thumb Code    22  init.o(.text.Systick)
    [Anonymous Symbol]                       0x08000de8   Section        0  init.o(.text.Systick)
    Tim1                                     0x08000e01   Thumb Code   168  init.o(.text.Tim1)
    [Anonymous Symbol]                       0x08000e00   Section        0  init.o(.text.Tim1)
    [Anonymous Symbol]                       0x08000ea8   Section        0  irq.o(.text.USART3_IRQHandler)
    Uart                                     0x08000ef9   Thumb Code   120  init.o(.text.Uart)
    [Anonymous Symbol]                       0x08000ef8   Section        0  init.o(.text.Uart)
    Uart1                                    0x08000f71   Thumb Code   130  dmatransfer.o(.text.Uart1)
    [Anonymous Symbol]                       0x08000f70   Section        0  dmatransfer.o(.text.Uart1)
    Uart3                                    0x08000ff5   Thumb Code   118  dmatransfer.o(.text.Uart3)
    [Anonymous Symbol]                       0x08000ff4   Section        0  dmatransfer.o(.text.Uart3)
    bluetoothSendData                        0x0800106d   Thumb Code   156  bluetooth.o(.text.bluetoothSendData)
    [Anonymous Symbol]                       0x0800106c   Section        0  bluetooth.o(.text.bluetoothSendData)
    bluetoothSendString                      0x08001109   Thumb Code    48  bluetooth.o(.text.bluetoothSendString)
    [Anonymous Symbol]                       0x08001108   Section        0  bluetooth.o(.text.bluetoothSendString)
    coilsUpdate                              0x08001139   Thumb Code   368  motor.o(.text.coilsUpdate)
    [Anonymous Symbol]                       0x08001138   Section        0  motor.o(.text.coilsUpdate)
    coilsUpdate.sequenceTrue                 0x0800128c   Number         0  motor.o(.text.coilsUpdate)
    listClear                                0x080012a9   Thumb Code     6  list.o(.text.listClear)
    [Anonymous Symbol]                       0x080012a8   Section        0  list.o(.text.listClear)
    listCopy                                 0x080012b1   Thumb Code   184  list.o(.text.listCopy)
    [Anonymous Symbol]                       0x080012b0   Section        0  list.o(.text.listCopy)
    listCount                                0x08001369   Thumb Code     8  list.o(.text.listCount)
    [Anonymous Symbol]                       0x08001368   Section        0  list.o(.text.listCount)
    listIndexRead                            0x08001371   Thumb Code    14  list.o(.text.listIndexRead)
    [Anonymous Symbol]                       0x08001370   Section        0  list.o(.text.listIndexRead)
    listIndexWrite                           0x08001381   Thumb Code    14  list.o(.text.listIndexWrite)
    [Anonymous Symbol]                       0x08001380   Section        0  list.o(.text.listIndexWrite)
    listReadByte                             0x08001391   Thumb Code    72  list.o(.text.listReadByte)
    [Anonymous Symbol]                       0x08001390   Section        0  list.o(.text.listReadByte)
    listReadComplex                          0x080013d9   Thumb Code   488  list.o(.text.listReadComplex)
    [Anonymous Symbol]                       0x080013d8   Section        0  list.o(.text.listReadComplex)
    listReadFloat                            0x080015c1   Thumb Code   264  list.o(.text.listReadFloat)
    [Anonymous Symbol]                       0x080015c0   Section        0  list.o(.text.listReadFloat)
    listReadInt                              0x080016c9   Thumb Code   262  list.o(.text.listReadInt)
    [Anonymous Symbol]                       0x080016c8   Section        0  list.o(.text.listReadInt)
    listReadShort                            0x080017d1   Thumb Code   146  list.o(.text.listReadShort)
    [Anonymous Symbol]                       0x080017d0   Section        0  list.o(.text.listReadShort)
    listReadUbyte                            0x08001865   Thumb Code    72  list.o(.text.listReadUbyte)
    [Anonymous Symbol]                       0x08001864   Section        0  list.o(.text.listReadUbyte)
    listReadUint                             0x080018ad   Thumb Code   262  list.o(.text.listReadUint)
    [Anonymous Symbol]                       0x080018ac   Section        0  list.o(.text.listReadUint)
    listReadUshort                           0x080019b5   Thumb Code   144  list.o(.text.listReadUshort)
    [Anonymous Symbol]                       0x080019b4   Section        0  list.o(.text.listReadUshort)
    listWriteByte                            0x08001a45   Thumb Code    74  list.o(.text.listWriteByte)
    [Anonymous Symbol]                       0x08001a44   Section        0  list.o(.text.listWriteByte)
    listWriteComplex                         0x08001a91   Thumb Code   494  list.o(.text.listWriteComplex)
    [Anonymous Symbol]                       0x08001a90   Section        0  list.o(.text.listWriteComplex)
    listWriteFloat                           0x08001c81   Thumb Code   256  list.o(.text.listWriteFloat)
    [Anonymous Symbol]                       0x08001c80   Section        0  list.o(.text.listWriteFloat)
    listWriteInt                             0x08001d81   Thumb Code   254  list.o(.text.listWriteInt)
    [Anonymous Symbol]                       0x08001d80   Section        0  list.o(.text.listWriteInt)
    listWriteShort                           0x08001e81   Thumb Code   144  list.o(.text.listWriteShort)
    [Anonymous Symbol]                       0x08001e80   Section        0  list.o(.text.listWriteShort)
    listWriteString                          0x08001f11   Thumb Code   104  list.o(.text.listWriteString)
    [Anonymous Symbol]                       0x08001f10   Section        0  list.o(.text.listWriteString)
    listWriteUbyte                           0x08001f79   Thumb Code    74  list.o(.text.listWriteUbyte)
    [Anonymous Symbol]                       0x08001f78   Section        0  list.o(.text.listWriteUbyte)
    listWriteUint                            0x08001fc5   Thumb Code   254  list.o(.text.listWriteUint)
    [Anonymous Symbol]                       0x08001fc4   Section        0  list.o(.text.listWriteUint)
    listWriteUshort                          0x080020c5   Thumb Code   134  list.o(.text.listWriteUshort)
    [Anonymous Symbol]                       0x080020c4   Section        0  list.o(.text.listWriteUshort)
    [Anonymous Symbol]                       0x0800214c   Section        0  main.o(.text.main)
    printByte                                0x08002289   Thumb Code   156  print.o(.text.printByte)
    [Anonymous Symbol]                       0x08002288   Section        0  print.o(.text.printByte)
    printComplex                             0x08002325   Thumb Code   108  print.o(.text.printComplex)
    [Anonymous Symbol]                       0x08002324   Section        0  print.o(.text.printComplex)
    printConstString                         0x08002391   Thumb Code    48  print.o(.text.printConstString)
    [Anonymous Symbol]                       0x08002390   Section        0  print.o(.text.printConstString)
    printFloat                               0x080023c1   Thumb Code   260  print.o(.text.printFloat)
    [Anonymous Symbol]                       0x080023c0   Section        0  print.o(.text.printFloat)
    printInt                                 0x080024c5   Thumb Code   156  print.o(.text.printInt)
    [Anonymous Symbol]                       0x080024c4   Section        0  print.o(.text.printInt)
    printLnByte                              0x08002561   Thumb Code   256  print.o(.text.printLnByte)
    [Anonymous Symbol]                       0x08002560   Section        0  print.o(.text.printLnByte)
    printLnComplex                           0x08002661   Thumb Code   600  print.o(.text.printLnComplex)
    [Anonymous Symbol]                       0x08002660   Section        0  print.o(.text.printLnComplex)
    printLnConstString                       0x080028b9   Thumb Code   138  print.o(.text.printLnConstString)
    [Anonymous Symbol]                       0x080028b8   Section        0  print.o(.text.printLnConstString)
    printLnFloat                             0x08002945   Thumb Code   110  print.o(.text.printLnFloat)
    [Anonymous Symbol]                       0x08002944   Section        0  print.o(.text.printLnFloat)
    printLnInt                               0x080029b5   Thumb Code   256  print.o(.text.printLnInt)
    [Anonymous Symbol]                       0x080029b4   Section        0  print.o(.text.printLnInt)
    printLnShort                             0x08002ab5   Thumb Code   256  print.o(.text.printLnShort)
    [Anonymous Symbol]                       0x08002ab4   Section        0  print.o(.text.printLnShort)
    printLnString                            0x08002bb5   Thumb Code   138  print.o(.text.printLnString)
    [Anonymous Symbol]                       0x08002bb4   Section        0  print.o(.text.printLnString)
    printLnUbyte                             0x08002c41   Thumb Code   172  print.o(.text.printLnUbyte)
    [Anonymous Symbol]                       0x08002c40   Section        0  print.o(.text.printLnUbyte)
    printLnUint                              0x08002ced   Thumb Code   172  print.o(.text.printLnUint)
    [Anonymous Symbol]                       0x08002cec   Section        0  print.o(.text.printLnUint)
    printLnUshort                            0x08002d99   Thumb Code   172  print.o(.text.printLnUshort)
    [Anonymous Symbol]                       0x08002d98   Section        0  print.o(.text.printLnUshort)
    printShort                               0x08002e45   Thumb Code   156  print.o(.text.printShort)
    [Anonymous Symbol]                       0x08002e44   Section        0  print.o(.text.printShort)
    printString                              0x08002ee1   Thumb Code    48  print.o(.text.printString)
    [Anonymous Symbol]                       0x08002ee0   Section        0  print.o(.text.printString)
    printUbyte                               0x08002f11   Thumb Code    88  print.o(.text.printUbyte)
    [Anonymous Symbol]                       0x08002f10   Section        0  print.o(.text.printUbyte)
    printUint                                0x08002f69   Thumb Code    88  print.o(.text.printUint)
    [Anonymous Symbol]                       0x08002f68   Section        0  print.o(.text.printUint)
    printUshort                              0x08002fc1   Thumb Code    88  print.o(.text.printUshort)
    [Anonymous Symbol]                       0x08002fc0   Section        0  print.o(.text.printUshort)
    speedGet                                 0x08003019   Thumb Code    14  motor.o(.text.speedGet)
    [Anonymous Symbol]                       0x08003018   Section        0  motor.o(.text.speedGet)
    speedSet                                 0x08003029   Thumb Code    14  motor.o(.text.speedSet)
    [Anonymous Symbol]                       0x08003028   Section        0  motor.o(.text.speedSet)
    toStringFloat                            0x08003039   Thumb Code   254  print.o(.text.toStringFloat)
    [Anonymous Symbol]                       0x08003038   Section        0  print.o(.text.toStringFloat)
    $v0                                      0x08003136   Number         0  fpinit.o(x$fpl$fpinit)
    x$fpl$fpinit                             0x08003136   Section       26  fpinit.o(x$fpl$fpinit)
    state                                    0x08003244   Data          32  motor.o(.rodata.cst32)
    .L.str                                   0x08003264   Data           6  print.o(.rodata.str1.1)
    [Anonymous Symbol]                       0x08003264   Section        0  print.o(.rodata.str1.1)
    .L.str.1                                 0x0800326a   Data          13  list.o(.rodata.str1.1)
    [Anonymous Symbol]                       0x0800326a   Section        0  list.o(.rodata.str1.1)
    .L.str                                   0x08003277   Data          14  list.o(.rodata.str1.1)
    .L.str                                   0x08003285   Data          10  bluetooth.o(.rodata.str1.1)
    [Anonymous Symbol]                       0x08003285   Section        0  bluetooth.o(.rodata.str1.1)
    .L_MergedGlobals                         0x20000000   Data          52  print.o(.data..L_MergedGlobals)
    [Anonymous Symbol]                       0x20000000   Section        0  print.o(.data..L_MergedGlobals)
    toStringFloat.string                     0x20000014   Data          32  print.o(.data..L_MergedGlobals)
    .bss                                     0x20000048   Section       96  libspace.o(.bss)
    .L_MergedGlobals                         0x200000a8   Data          20  motor.o(.bss..L_MergedGlobals)
    setSpeed                                 0x200000a8   Data           4  motor.o(.bss..L_MergedGlobals)
    [Anonymous Symbol]                       0x200000a8   Section        0  motor.o(.bss..L_MergedGlobals)
    realSpeed                                0x200000ac   Data           4  motor.o(.bss..L_MergedGlobals)
    coilsUpdate.sequenceCounter              0x200000b0   Data           4  motor.o(.bss..L_MergedGlobals)
    coilsUpdate.oldSensorsValue              0x200000b4   Data           4  motor.o(.bss..L_MergedGlobals)
    coilsUpdate.timer                        0x200000b8   Data           4  motor.o(.bss..L_MergedGlobals)
    bluetooth                                0x200000bc   Data         256  bluetooth.o(.bss.bluetooth)
    [Anonymous Symbol]                       0x200000bc   Section        0  bluetooth.o(.bss.bluetooth)
    listReadComplex.result                   0x200001bc   Data           8  list.o(.bss.listReadComplex.result)
    [Anonymous Symbol]                       0x200001bc   Section        0  list.o(.bss.listReadComplex.result)
    listReadFloat.result                     0x200001c4   Data           4  list.o(.bss.listReadFloat.result)
    [Anonymous Symbol]                       0x200001c4   Section        0  list.o(.bss.listReadFloat.result)
    listReadInt.result                       0x200001c8   Data           4  list.o(.bss.listReadInt.result)
    [Anonymous Symbol]                       0x200001c8   Section        0  list.o(.bss.listReadInt.result)
    listReadShort.result                     0x200001cc   Data           2  list.o(.bss.listReadShort.result)
    [Anonymous Symbol]                       0x200001cc   Section        0  list.o(.bss.listReadShort.result)
    listReadUint.result                      0x200001d0   Data           4  list.o(.bss.listReadUint.result)
    [Anonymous Symbol]                       0x200001d0   Section        0  list.o(.bss.listReadUint.result)
    listReadUshort.result                    0x200001d4   Data           2  list.o(.bss.listReadUshort.result)
    [Anonymous Symbol]                       0x200001d4   Section        0  list.o(.bss.listReadUshort.result)
    print                                    0x200001d6   Data        8192  print.o(.bss.print)
    [Anonymous Symbol]                       0x200001d6   Section        0  print.o(.bss.print)
    toStringInt.string                       0x200021d6   Data          16  print.o(.bss.toStringInt.string)
    [Anonymous Symbol]                       0x200021d6   Section        0  print.o(.bss.toStringInt.string)
    toStringInt.string                       0x200021e6   Data          16  bluetooth.o(.bss.toStringInt.string)
    [Anonymous Symbol]                       0x200021e6   Section        0  bluetooth.o(.bss.toStringInt.string)
    toStringUint.string                      0x200021f6   Data          16  print.o(.bss.toStringUint.string)
    [Anonymous Symbol]                       0x200021f6   Section        0  print.o(.bss.toStringUint.string)
    Heap_Mem                                 0x20002208   Data         512  startup_stm32f446xx.o(HEAP)
    HEAP                                     0x20002208   Section      512  startup_stm32f446xx.o(HEAP)
    Stack_Mem                                0x20002408   Data        1024  startup_stm32f446xx.o(STACK)
    STACK                                    0x20002408   Section     1024  startup_stm32f446xx.o(STACK)
    __initial_sp                             0x20002808   Data           0  startup_stm32f446xx.o(STACK)

    Global Symbols

    Symbol Name                              Value     Ov Type        Size  Object(Section)

    BuildAttributes$$THM_ISAv4$E$P$D$K$B$S$7EM$VFPi3$EXTD16$VFPS$VFMA$PE$A:L22UL41UL21$X:L11$S22US41US21$IEEE1$IW$~IW$USESV6$~STKCKD$USESV7$~SHL$OTIME$ROPI$EBA8$UX$STANDARDLIB$REQ8$PRES8$EABIv2 0x00000000   Number         0  anon$$obj.o ABSOLUTE
    __ARM_exceptions_init                     - Undefined Weak Reference
    __alloca_initialize                       - Undefined Weak Reference
    __arm_preinit_                            - Undefined Weak Reference
    __cpp_initialize__aeabi_                  - Undefined Weak Reference
    __cxa_finalize                            - Undefined Weak Reference
    __rt_locale                               - Undefined Weak Reference
    __sigvec_lookup                           - Undefined Weak Reference
    _atexit_init                              - Undefined Weak Reference
    _call_atexit_fns                          - Undefined Weak Reference
    _clock_init                               - Undefined Weak Reference
    _fp_trap_init                             - Undefined Weak Reference
    _fp_trap_shutdown                         - Undefined Weak Reference
    _get_lc_collate                           - Undefined Weak Reference
    _get_lc_ctype                             - Undefined Weak Reference
    _get_lc_monetary                          - Undefined Weak Reference
    _get_lc_numeric                           - Undefined Weak Reference
    _get_lc_time                              - Undefined Weak Reference
    _getenv_init                              - Undefined Weak Reference
    _handle_redirection                       - Undefined Weak Reference
    _init_alloc                               - Undefined Weak Reference
    _init_user_alloc                          - Undefined Weak Reference
    _initio                                   - Undefined Weak Reference
    _rand_init                                - Undefined Weak Reference
    _signal_finish                            - Undefined Weak Reference
    _signal_init                              - Undefined Weak Reference
    _terminate_alloc                          - Undefined Weak Reference
    _terminate_user_alloc                     - Undefined Weak Reference
    _terminateio                              - Undefined Weak Reference
    __Vectors_Size                           0x000001c4   Number         0  startup_stm32f446xx.o ABSOLUTE
    __Vectors                                0x08000000   Data           4  startup_stm32f446xx.o(RESET)
    __Vectors_End                            0x080001c4   Data           0  startup_stm32f446xx.o(RESET)
    __main                                   0x080001c5   Thumb Code     8  __main.o(!!!main)
    __scatterload                            0x080001cd   Thumb Code     0  __scatter.o(!!!scatter)
    __scatterload_rt2                        0x080001cd   Thumb Code    44  __scatter.o(!!!scatter)
    __scatterload_rt2_thumb_only             0x080001cd   Thumb Code     0  __scatter.o(!!!scatter)
    __scatterload_null                       0x080001db   Thumb Code     0  __scatter.o(!!!scatter)
    __scatterload_copy                       0x08000201   Thumb Code    26  __scatter_copy.o(!!handler_copy)
    __scatterload_zeroinit                   0x0800021d   Thumb Code    28  __scatter_zi.o(!!handler_zi)
    __rt_lib_init                            0x08000239   Thumb Code     0  libinit.o(.ARM.Collect$$libinit$$00000000)
    __rt_lib_init_fp_1                       0x0800023b   Thumb Code     0  libinit2.o(.ARM.Collect$$libinit$$00000001)
    __rt_lib_init_alloca_1                   0x0800023f   Thumb Code     0  libinit2.o(.ARM.Collect$$libinit$$0000002E)
    __rt_lib_init_argv_1                     0x0800023f   Thumb Code     0  libinit2.o(.ARM.Collect$$libinit$$0000002C)
    __rt_lib_init_atexit_1                   0x0800023f   Thumb Code     0  libinit2.o(.ARM.Collect$$libinit$$0000001B)
    __rt_lib_init_clock_1                    0x0800023f   Thumb Code     0  libinit2.o(.ARM.Collect$$libinit$$00000021)
    __rt_lib_init_cpp_1                      0x0800023f   Thumb Code     0  libinit2.o(.ARM.Collect$$libinit$$00000032)
    __rt_lib_init_exceptions_1               0x0800023f   Thumb Code     0  libinit2.o(.ARM.Collect$$libinit$$00000030)
    __rt_lib_init_fp_trap_1                  0x0800023f   Thumb Code     0  libinit2.o(.ARM.Collect$$libinit$$0000001F)
    __rt_lib_init_getenv_1                   0x0800023f   Thumb Code     0  libinit2.o(.ARM.Collect$$libinit$$00000023)
    __rt_lib_init_heap_1                     0x0800023f   Thumb Code     0  libinit2.o(.ARM.Collect$$libinit$$0000000A)
    __rt_lib_init_lc_collate_1               0x0800023f   Thumb Code     0  libinit2.o(.ARM.Collect$$libinit$$00000011)
    __rt_lib_init_lc_ctype_1                 0x0800023f   Thumb Code     0  libinit2.o(.ARM.Collect$$libinit$$00000013)
    __rt_lib_init_lc_monetary_1              0x0800023f   Thumb Code     0  libinit2.o(.ARM.Collect$$libinit$$00000015)
    __rt_lib_init_lc_numeric_1               0x0800023f   Thumb Code     0  libinit2.o(.ARM.Collect$$libinit$$00000017)
    __rt_lib_init_lc_time_1                  0x0800023f   Thumb Code     0  libinit2.o(.ARM.Collect$$libinit$$00000019)
    __rt_lib_init_preinit_1                  0x0800023f   Thumb Code     0  libinit2.o(.ARM.Collect$$libinit$$00000004)
    __rt_lib_init_rand_1                     0x0800023f   Thumb Code     0  libinit2.o(.ARM.Collect$$libinit$$0000000E)
    __rt_lib_init_return                     0x0800023f   Thumb Code     0  libinit2.o(.ARM.Collect$$libinit$$00000033)
    __rt_lib_init_signal_1                   0x0800023f   Thumb Code     0  libinit2.o(.ARM.Collect$$libinit$$0000001D)
    __rt_lib_init_stdio_1                    0x0800023f   Thumb Code     0  libinit2.o(.ARM.Collect$$libinit$$00000025)
    __rt_lib_init_user_alloc_1               0x0800023f   Thumb Code     0  libinit2.o(.ARM.Collect$$libinit$$0000000C)
    __rt_lib_shutdown                        0x08000241   Thumb Code     0  libshutdown.o(.ARM.Collect$$libshutdown$$00000000)
    __rt_lib_shutdown_cpp_1                  0x08000243   Thumb Code     0  libshutdown2.o(.ARM.Collect$$libshutdown$$00000002)
    __rt_lib_shutdown_fp_trap_1              0x08000243   Thumb Code     0  libshutdown2.o(.ARM.Collect$$libshutdown$$00000007)
    __rt_lib_shutdown_heap_1                 0x08000243   Thumb Code     0  libshutdown2.o(.ARM.Collect$$libshutdown$$0000000F)
    __rt_lib_shutdown_return                 0x08000243   Thumb Code     0  libshutdown2.o(.ARM.Collect$$libshutdown$$00000010)
    __rt_lib_shutdown_signal_1               0x08000243   Thumb Code     0  libshutdown2.o(.ARM.Collect$$libshutdown$$0000000A)
    __rt_lib_shutdown_stdio_1                0x08000243   Thumb Code     0  libshutdown2.o(.ARM.Collect$$libshutdown$$00000004)
    __rt_lib_shutdown_user_alloc_1           0x08000243   Thumb Code     0  libshutdown2.o(.ARM.Collect$$libshutdown$$0000000C)
    __rt_entry                               0x08000245   Thumb Code     0  __rtentry.o(.ARM.Collect$$rtentry$$00000000)
    __rt_entry_presh_1                       0x08000245   Thumb Code     0  __rtentry2.o(.ARM.Collect$$rtentry$$00000002)
    __rt_entry_sh                            0x08000245   Thumb Code     0  __rtentry4.o(.ARM.Collect$$rtentry$$00000004)
    __rt_entry_li                            0x0800024b   Thumb Code     0  __rtentry2.o(.ARM.Collect$$rtentry$$0000000A)
    __rt_entry_postsh_1                      0x0800024b   Thumb Code     0  __rtentry2.o(.ARM.Collect$$rtentry$$00000009)
    __rt_entry_main                          0x0800024f   Thumb Code     0  __rtentry2.o(.ARM.Collect$$rtentry$$0000000D)
    __rt_entry_postli_1                      0x0800024f   Thumb Code     0  __rtentry2.o(.ARM.Collect$$rtentry$$0000000C)
    __rt_exit                                0x08000257   Thumb Code     0  rtexit.o(.ARM.Collect$$rtexit$$00000000)
    __rt_exit_ls                             0x08000259   Thumb Code     0  rtexit2.o(.ARM.Collect$$rtexit$$00000003)
    __rt_exit_prels_1                        0x08000259   Thumb Code     0  rtexit2.o(.ARM.Collect$$rtexit$$00000002)
    __rt_exit_exit                           0x0800025d   Thumb Code     0  rtexit2.o(.ARM.Collect$$rtexit$$00000004)
    Reset_Handler                            0x08000265   Thumb Code     8  startup_stm32f446xx.o(.text)
    NMI_Handler                              0x0800026d   Thumb Code     2  startup_stm32f446xx.o(.text)
    HardFault_Handler                        0x0800026f   Thumb Code     2  startup_stm32f446xx.o(.text)
    MemManage_Handler                        0x08000271   Thumb Code     2  startup_stm32f446xx.o(.text)
    BusFault_Handler                         0x08000273   Thumb Code     2  startup_stm32f446xx.o(.text)
    UsageFault_Handler                       0x08000275   Thumb Code     2  startup_stm32f446xx.o(.text)
    SVC_Handler                              0x08000277   Thumb Code     2  startup_stm32f446xx.o(.text)
    DebugMon_Handler                         0x08000279   Thumb Code     2  startup_stm32f446xx.o(.text)
    PendSV_Handler                           0x0800027b   Thumb Code     2  startup_stm32f446xx.o(.text)
    SysTick_Handler                          0x0800027d   Thumb Code     2  startup_stm32f446xx.o(.text)
    ADC_IRQHandler                           0x0800027f   Thumb Code     0  startup_stm32f446xx.o(.text)
    CAN1_RX0_IRQHandler                      0x0800027f   Thumb Code     0  startup_stm32f446xx.o(.text)
    CAN1_RX1_IRQHandler                      0x0800027f   Thumb Code     0  startup_stm32f446xx.o(.text)
    CAN1_SCE_IRQHandler                      0x0800027f   Thumb Code     0  startup_stm32f446xx.o(.text)
    CAN1_TX_IRQHandler                       0x0800027f   Thumb Code     0  startup_stm32f446xx.o(.text)
    CAN2_RX0_IRQHandler                      0x0800027f   Thumb Code     0  startup_stm32f446xx.o(.text)
    CAN2_RX1_IRQHandler                      0x0800027f   Thumb Code     0  startup_stm32f446xx.o(.text)
    CAN2_SCE_IRQHandler                      0x0800027f   Thumb Code     0  startup_stm32f446xx.o(.text)
    CAN2_TX_IRQHandler                       0x0800027f   Thumb Code     0  startup_stm32f446xx.o(.text)
    CEC_IRQHandler                           0x0800027f   Thumb Code     0  startup_stm32f446xx.o(.text)
    DCMI_IRQHandler                          0x0800027f   Thumb Code     0  startup_stm32f446xx.o(.text)
    DMA1_Stream0_IRQHandler                  0x0800027f   Thumb Code     0  startup_stm32f446xx.o(.text)
    DMA1_Stream1_IRQHandler                  0x0800027f   Thumb Code     0  startup_stm32f446xx.o(.text)
    DMA1_Stream2_IRQHandler                  0x0800027f   Thumb Code     0  startup_stm32f446xx.o(.text)
    DMA1_Stream3_IRQHandler                  0x0800027f   Thumb Code     0  startup_stm32f446xx.o(.text)
    DMA1_Stream4_IRQHandler                  0x0800027f   Thumb Code     0  startup_stm32f446xx.o(.text)
    DMA1_Stream5_IRQHandler                  0x0800027f   Thumb Code     0  startup_stm32f446xx.o(.text)
    DMA1_Stream6_IRQHandler                  0x0800027f   Thumb Code     0  startup_stm32f446xx.o(.text)
    DMA1_Stream7_IRQHandler                  0x0800027f   Thumb Code     0  startup_stm32f446xx.o(.text)
    DMA2_Stream0_IRQHandler                  0x0800027f   Thumb Code     0  startup_stm32f446xx.o(.text)
    DMA2_Stream1_IRQHandler                  0x0800027f   Thumb Code     0  startup_stm32f446xx.o(.text)
    DMA2_Stream2_IRQHandler                  0x0800027f   Thumb Code     0  startup_stm32f446xx.o(.text)
    DMA2_Stream3_IRQHandler                  0x0800027f   Thumb Code     0  startup_stm32f446xx.o(.text)
    DMA2_Stream4_IRQHandler                  0x0800027f   Thumb Code     0  startup_stm32f446xx.o(.text)
    DMA2_Stream5_IRQHandler                  0x0800027f   Thumb Code     0  startup_stm32f446xx.o(.text)
    DMA2_Stream6_IRQHandler                  0x0800027f   Thumb Code     0  startup_stm32f446xx.o(.text)
    DMA2_Stream7_IRQHandler                  0x0800027f   Thumb Code     0  startup_stm32f446xx.o(.text)
    EXTI15_10_IRQHandler                     0x0800027f   Thumb Code     0  startup_stm32f446xx.o(.text)
    EXTI3_IRQHandler                         0x0800027f   Thumb Code     0  startup_stm32f446xx.o(.text)
    EXTI4_IRQHandler                         0x0800027f   Thumb Code     0  startup_stm32f446xx.o(.text)
    EXTI9_5_IRQHandler                       0x0800027f   Thumb Code     0  startup_stm32f446xx.o(.text)
    FLASH_IRQHandler                         0x0800027f   Thumb Code     0  startup_stm32f446xx.o(.text)
    FMC_IRQHandler                           0x0800027f   Thumb Code     0  startup_stm32f446xx.o(.text)
    FMPI2C1_ER_IRQHandler                    0x0800027f   Thumb Code     0  startup_stm32f446xx.o(.text)
    FMPI2C1_EV_IRQHandler                    0x0800027f   Thumb Code     0  startup_stm32f446xx.o(.text)
    FPU_IRQHandler                           0x0800027f   Thumb Code     0  startup_stm32f446xx.o(.text)
    I2C1_ER_IRQHandler                       0x0800027f   Thumb Code     0  startup_stm32f446xx.o(.text)
    I2C1_EV_IRQHandler                       0x0800027f   Thumb Code     0  startup_stm32f446xx.o(.text)
    I2C2_ER_IRQHandler                       0x0800027f   Thumb Code     0  startup_stm32f446xx.o(.text)
    I2C2_EV_IRQHandler                       0x0800027f   Thumb Code     0  startup_stm32f446xx.o(.text)
    I2C3_ER_IRQHandler                       0x0800027f   Thumb Code     0  startup_stm32f446xx.o(.text)
    I2C3_EV_IRQHandler                       0x0800027f   Thumb Code     0  startup_stm32f446xx.o(.text)
    OTG_FS_IRQHandler                        0x0800027f   Thumb Code     0  startup_stm32f446xx.o(.text)
    OTG_FS_WKUP_IRQHandler                   0x0800027f   Thumb Code     0  startup_stm32f446xx.o(.text)
    OTG_HS_EP1_IN_IRQHandler                 0x0800027f   Thumb Code     0  startup_stm32f446xx.o(.text)
    OTG_HS_EP1_OUT_IRQHandler                0x0800027f   Thumb Code     0  startup_stm32f446xx.o(.text)
    OTG_HS_IRQHandler                        0x0800027f   Thumb Code     0  startup_stm32f446xx.o(.text)
    OTG_HS_WKUP_IRQHandler                   0x0800027f   Thumb Code     0  startup_stm32f446xx.o(.text)
    PVD_IRQHandler                           0x0800027f   Thumb Code     0  startup_stm32f446xx.o(.text)
    QUADSPI_IRQHandler                       0x0800027f   Thumb Code     0  startup_stm32f446xx.o(.text)
    RCC_IRQHandler                           0x0800027f   Thumb Code     0  startup_stm32f446xx.o(.text)
    RTC_Alarm_IRQHandler                     0x0800027f   Thumb Code     0  startup_stm32f446xx.o(.text)
    RTC_WKUP_IRQHandler                      0x0800027f   Thumb Code     0  startup_stm32f446xx.o(.text)
    SAI1_IRQHandler                          0x0800027f   Thumb Code     0  startup_stm32f446xx.o(.text)
    SAI2_IRQHandler                          0x0800027f   Thumb Code     0  startup_stm32f446xx.o(.text)
    SDIO_IRQHandler                          0x0800027f   Thumb Code     0  startup_stm32f446xx.o(.text)
    SPDIF_RX_IRQHandler                      0x0800027f   Thumb Code     0  startup_stm32f446xx.o(.text)
    SPI1_IRQHandler                          0x0800027f   Thumb Code     0  startup_stm32f446xx.o(.text)
    SPI2_IRQHandler                          0x0800027f   Thumb Code     0  startup_stm32f446xx.o(.text)
    SPI3_IRQHandler                          0x0800027f   Thumb Code     0  startup_stm32f446xx.o(.text)
    SPI4_IRQHandler                          0x0800027f   Thumb Code     0  startup_stm32f446xx.o(.text)
    TAMP_STAMP_IRQHandler                    0x0800027f   Thumb Code     0  startup_stm32f446xx.o(.text)
    TIM1_BRK_TIM9_IRQHandler                 0x0800027f   Thumb Code     0  startup_stm32f446xx.o(.text)
    TIM1_CC_IRQHandler                       0x0800027f   Thumb Code     0  startup_stm32f446xx.o(.text)
    TIM1_TRG_COM_TIM11_IRQHandler            0x0800027f   Thumb Code     0  startup_stm32f446xx.o(.text)
    TIM1_UP_TIM10_IRQHandler                 0x0800027f   Thumb Code     0  startup_stm32f446xx.o(.text)
    TIM2_IRQHandler                          0x0800027f   Thumb Code     0  startup_stm32f446xx.o(.text)
    TIM3_IRQHandler                          0x0800027f   Thumb Code     0  startup_stm32f446xx.o(.text)
    TIM4_IRQHandler                          0x0800027f   Thumb Code     0  startup_stm32f446xx.o(.text)
    TIM5_IRQHandler                          0x0800027f   Thumb Code     0  startup_stm32f446xx.o(.text)
    TIM6_DAC_IRQHandler                      0x0800027f   Thumb Code     0  startup_stm32f446xx.o(.text)
    TIM7_IRQHandler                          0x0800027f   Thumb Code     0  startup_stm32f446xx.o(.text)
    TIM8_BRK_TIM12_IRQHandler                0x0800027f   Thumb Code     0  startup_stm32f446xx.o(.text)
    TIM8_CC_IRQHandler                       0x0800027f   Thumb Code     0  startup_stm32f446xx.o(.text)
    TIM8_TRG_COM_TIM14_IRQHandler            0x0800027f   Thumb Code     0  startup_stm32f446xx.o(.text)
    TIM8_UP_TIM13_IRQHandler                 0x0800027f   Thumb Code     0  startup_stm32f446xx.o(.text)
    UART4_IRQHandler                         0x0800027f   Thumb Code     0  startup_stm32f446xx.o(.text)
    UART5_IRQHandler                         0x0800027f   Thumb Code     0  startup_stm32f446xx.o(.text)
    USART1_IRQHandler                        0x0800027f   Thumb Code     0  startup_stm32f446xx.o(.text)
    USART2_IRQHandler                        0x0800027f   Thumb Code     0  startup_stm32f446xx.o(.text)
    USART6_IRQHandler                        0x0800027f   Thumb Code     0  startup_stm32f446xx.o(.text)
    WWDG_IRQHandler                          0x0800027f   Thumb Code     0  startup_stm32f446xx.o(.text)
    __user_initial_stackheap                 0x08000281   Thumb Code     0  startup_stm32f446xx.o(.text)
    __use_two_region_memory                  0x080002a5   Thumb Code     2  heapauxi.o(.text)
    __rt_heap_escrow$2region                 0x080002a7   Thumb Code     2  heapauxi.o(.text)
    __rt_heap_expand$2region                 0x080002a9   Thumb Code     2  heapauxi.o(.text)
    __user_setup_stackheap                   0x080002ab   Thumb Code    74  sys_stackheap_outer.o(.text)
    exit                                     0x080002f5   Thumb Code    18  exit.o(.text)
    __user_libspace                          0x08000309   Thumb Code     8  libspace.o(.text)
    __user_perproc_libspace                  0x08000309   Thumb Code     0  libspace.o(.text)
    __user_perthread_libspace                0x08000309   Thumb Code     0  libspace.o(.text)
    _sys_exit                                0x08000311   Thumb Code     8  sys_exit.o(.text)
    __I$use$semihosting                      0x0800031d   Thumb Code     0  use_no_semi.o(.text)
    __use_no_semihosting_swi                 0x0800031d   Thumb Code     2  use_no_semi.o(.text)
    __semihosting_library_function           0x0800031f   Thumb Code     0  indicate_semi.o(.text)
    EXTI0_IRQHandler                         0x08000391   Thumb Code    24  irq.o(.text.EXTI0_IRQHandler)
    EXTI1_IRQHandler                         0x080003a9   Thumb Code    24  irq.o(.text.EXTI1_IRQHandler)
    EXTI2_IRQHandler                         0x080003c1   Thumb Code    24  irq.o(.text.EXTI2_IRQHandler)
    SystemInit                               0x08000d91   Thumb Code    86  system_stm32f4xx.o(.text.SystemInit)
    USART3_IRQHandler                        0x08000ea9   Thumb Code    80  irq.o(.text.USART3_IRQHandler)
    main                                     0x0800214d   Thumb Code   316  main.o(.text.main)
    _fp_init                                 0x08003137   Thumb Code    26  fpinit.o(x$fpl$fpinit)
    __fplib_config_fpu_vfp                   0x0800314f   Thumb Code     0  fpinit.o(x$fpl$fpinit)
    __fplib_config_pureend_doubles           0x0800314f   Thumb Code     0  fpinit.o(x$fpl$fpinit)
    Bluetooth                                0x08003150   Data           8  bluetooth.o(.rodata.Bluetooth)
    Delay                                    0x08003158   Data          12  delay.o(.rodata.Delay)
    DmaTransfer                              0x08003164   Data           8  dmatransfer.o(.rodata.DmaTransfer)
    Init                                     0x0800316c   Data          36  init.o(.rodata.Init)
    List                                     0x08003190   Data          88  list.o(.rodata.List)
    Motor                                    0x080031e8   Data          12  motor.o(.rodata.Motor)
    Print                                    0x080031f4   Data          40  print.o(.rodata.Print)
    PrintLn                                  0x0800321c   Data          40  print.o(.rodata.PrintLn)
    Region$$Table$$Base                      0x08003290   Number         0  anon$$obj.o(Region$$Table)
    Region$$Table$$Limit                     0x080032b0   Number         0  anon$$obj.o(Region$$Table)
    listPrint                                0x20000000   Data          20  print.o(.data..L_MergedGlobals)
    listBluetooth                            0x20000034   Data          20  bluetooth.o(.data.listBluetooth)
    __libspace_start                         0x20000048   Data          96  libspace.o(.bss)
    __temporary_stack_top$libspace           0x200000a8   Data           0  libspace.o(.bss)



==============================================================================

Memory Map of the image

  Image Entry point : 0x080001c5

  Load Region LR_IROM1 (Base: 0x08000000, Size: 0x000032f8, Max: 0x00080000, ABSOLUTE)

    Execution Region ER_IROM1 (Exec base: 0x08000000, Load base: 0x08000000, Size: 0x000032b0, Max: 0x00080000, ABSOLUTE)

    Exec Addr    Load Addr    Size         Type   Attr      Idx    E Section Name        Object

    0x08000000   0x08000000   0x000001c4   Data   RO          256    RESET               startup_stm32f446xx.o
    0x080001c4   0x080001c4   0x00000008   Code   RO          282  * !!!main             c_w.l(__main.o)
    0x080001cc   0x080001cc   0x00000034   Code   RO          445    !!!scatter          c_w.l(__scatter.o)
    0x08000200   0x08000200   0x0000001a   Code   RO          447    !!handler_copy      c_w.l(__scatter_copy.o)
    0x0800021a   0x0800021a   0x00000002   PAD
    0x0800021c   0x0800021c   0x0000001c   Code   RO          449    !!handler_zi        c_w.l(__scatter_zi.o)
    0x08000238   0x08000238   0x00000002   Code   RO          309    .ARM.Collect$$libinit$$00000000  c_w.l(libinit.o)
    0x0800023a   0x0800023a   0x00000004   Code   RO          315    .ARM.Collect$$libinit$$00000001  c_w.l(libinit2.o)
    0x0800023e   0x0800023e   0x00000000   Code   RO          318    .ARM.Collect$$libinit$$00000004  c_w.l(libinit2.o)
    0x0800023e   0x0800023e   0x00000000   Code   RO          321    .ARM.Collect$$libinit$$0000000A  c_w.l(libinit2.o)
    0x0800023e   0x0800023e   0x00000000   Code   RO          323    .ARM.Collect$$libinit$$0000000C  c_w.l(libinit2.o)
    0x0800023e   0x0800023e   0x00000000   Code   RO          325    .ARM.Collect$$libinit$$0000000E  c_w.l(libinit2.o)
    0x0800023e   0x0800023e   0x00000000   Code   RO          328    .ARM.Collect$$libinit$$00000011  c_w.l(libinit2.o)
    0x0800023e   0x0800023e   0x00000000   Code   RO          330    .ARM.Collect$$libinit$$00000013  c_w.l(libinit2.o)
    0x0800023e   0x0800023e   0x00000000   Code   RO          332    .ARM.Collect$$libinit$$00000015  c_w.l(libinit2.o)
    0x0800023e   0x0800023e   0x00000000   Code   RO          334    .ARM.Collect$$libinit$$00000017  c_w.l(libinit2.o)
    0x0800023e   0x0800023e   0x00000000   Code   RO          336    .ARM.Collect$$libinit$$00000019  c_w.l(libinit2.o)
    0x0800023e   0x0800023e   0x00000000   Code   RO          338    .ARM.Collect$$libinit$$0000001B  c_w.l(libinit2.o)
    0x0800023e   0x0800023e   0x00000000   Code   RO          340    .ARM.Collect$$libinit$$0000001D  c_w.l(libinit2.o)
    0x0800023e   0x0800023e   0x00000000   Code   RO          342    .ARM.Collect$$libinit$$0000001F  c_w.l(libinit2.o)
    0x0800023e   0x0800023e   0x00000000   Code   RO          344    .ARM.Collect$$libinit$$00000021  c_w.l(libinit2.o)
    0x0800023e   0x0800023e   0x00000000   Code   RO          346    .ARM.Collect$$libinit$$00000023  c_w.l(libinit2.o)
    0x0800023e   0x0800023e   0x00000000   Code   RO          348    .ARM.Collect$$libinit$$00000025  c_w.l(libinit2.o)
    0x0800023e   0x0800023e   0x00000000   Code   RO          352    .ARM.Collect$$libinit$$0000002C  c_w.l(libinit2.o)
    0x0800023e   0x0800023e   0x00000000   Code   RO          354    .ARM.Collect$$libinit$$0000002E  c_w.l(libinit2.o)
    0x0800023e   0x0800023e   0x00000000   Code   RO          356    .ARM.Collect$$libinit$$00000030  c_w.l(libinit2.o)
    0x0800023e   0x0800023e   0x00000000   Code   RO          358    .ARM.Collect$$libinit$$00000032  c_w.l(libinit2.o)
    0x0800023e   0x0800023e   0x00000002   Code   RO          359    .ARM.Collect$$libinit$$00000033  c_w.l(libinit2.o)
    0x08000240   0x08000240   0x00000002   Code   RO          381    .ARM.Collect$$libshutdown$$00000000  c_w.l(libshutdown.o)
    0x08000242   0x08000242   0x00000000   Code   RO          396    .ARM.Collect$$libshutdown$$00000002  c_w.l(libshutdown2.o)
    0x08000242   0x08000242   0x00000000   Code   RO          398    .ARM.Collect$$libshutdown$$00000004  c_w.l(libshutdown2.o)
    0x08000242   0x08000242   0x00000000   Code   RO          401    .ARM.Collect$$libshutdown$$00000007  c_w.l(libshutdown2.o)
    0x08000242   0x08000242   0x00000000   Code   RO          404    .ARM.Collect$$libshutdown$$0000000A  c_w.l(libshutdown2.o)
    0x08000242   0x08000242   0x00000000   Code   RO          406    .ARM.Collect$$libshutdown$$0000000C  c_w.l(libshutdown2.o)
    0x08000242   0x08000242   0x00000000   Code   RO          409    .ARM.Collect$$libshutdown$$0000000F  c_w.l(libshutdown2.o)
    0x08000242   0x08000242   0x00000002   Code   RO          410    .ARM.Collect$$libshutdown$$00000010  c_w.l(libshutdown2.o)
    0x08000244   0x08000244   0x00000000   Code   RO          284    .ARM.Collect$$rtentry$$00000000  c_w.l(__rtentry.o)
    0x08000244   0x08000244   0x00000000   Code   RO          286    .ARM.Collect$$rtentry$$00000002  c_w.l(__rtentry2.o)
    0x08000244   0x08000244   0x00000006   Code   RO          298    .ARM.Collect$$rtentry$$00000004  c_w.l(__rtentry4.o)
    0x0800024a   0x0800024a   0x00000000   Code   RO          288    .ARM.Collect$$rtentry$$00000009  c_w.l(__rtentry2.o)
    0x0800024a   0x0800024a   0x00000004   Code   RO          289    .ARM.Collect$$rtentry$$0000000A  c_w.l(__rtentry2.o)
    0x0800024e   0x0800024e   0x00000000   Code   RO          291    .ARM.Collect$$rtentry$$0000000C  c_w.l(__rtentry2.o)
    0x0800024e   0x0800024e   0x00000008   Code   RO          292    .ARM.Collect$$rtentry$$0000000D  c_w.l(__rtentry2.o)
    0x08000256   0x08000256   0x00000002   Code   RO          313    .ARM.Collect$$rtexit$$00000000  c_w.l(rtexit.o)
    0x08000258   0x08000258   0x00000000   Code   RO          361    .ARM.Collect$$rtexit$$00000002  c_w.l(rtexit2.o)
    0x08000258   0x08000258   0x00000004   Code   RO          362    .ARM.Collect$$rtexit$$00000003  c_w.l(rtexit2.o)
    0x0800025c   0x0800025c   0x00000006   Code   RO          363    .ARM.Collect$$rtexit$$00000004  c_w.l(rtexit2.o)
    0x08000262   0x08000262   0x00000002   PAD
    0x08000264   0x08000264   0x00000040   Code   RO          257    .text               startup_stm32f446xx.o
    0x080002a4   0x080002a4   0x00000006   Code   RO          280    .text               c_w.l(heapauxi.o)
    0x080002aa   0x080002aa   0x0000004a   Code   RO          300    .text               c_w.l(sys_stackheap_outer.o)
    0x080002f4   0x080002f4   0x00000012   Code   RO          302    .text               c_w.l(exit.o)
    0x08000306   0x08000306   0x00000002   PAD
    0x08000308   0x08000308   0x00000008   Code   RO          310    .text               c_w.l(libspace.o)
    0x08000310   0x08000310   0x0000000c   Code   RO          371    .text               c_w.l(sys_exit.o)
    0x0800031c   0x0800031c   0x00000002   Code   RO          386    .text               c_w.l(use_no_semi.o)
    0x0800031e   0x0800031e   0x00000000   Code   RO          388    .text               c_w.l(indicate_semi.o)
    0x0800031e   0x0800031e   0x00000002   PAD
    0x08000320   0x08000320   0x00000070   Code   RO           19    .text.Dma           init.o
    0x08000390   0x08000390   0x00000018   Code   RO          205    .text.EXTI0_IRQHandler  irq.o
    0x080003a8   0x080003a8   0x00000018   Code   RO          207    .text.EXTI1_IRQHandler  irq.o
    0x080003c0   0x080003c0   0x00000018   Code   RO          209    .text.EXTI2_IRQHandler  irq.o
    0x080003d8   0x080003d8   0x0000009a   Code   RO           25    .text.Exti          init.o
    0x08000472   0x08000472   0x00000002   PAD
    0x08000474   0x08000474   0x0000002a   Code   RO           21    .text.FlashMemory   init.o
    0x0800049e   0x0800049e   0x00000002   PAD
    0x080004a0   0x080004a0   0x000001f4   Code   RO           11    .text.Gpio          init.o
    0x08000694   0x08000694   0x0000001a   Code   RO           27    .text.Irq           init.o
    0x080006ae   0x080006ae   0x00000002   PAD
    0x080006b0   0x080006b0   0x000001fc   Code   RO           37    .text.MicroSecond   delay.o
    0x080008ac   0x080008ac   0x00000208   Code   RO           39    .text.MilliSecond   delay.o
    0x08000ab4   0x08000ab4   0x000000d4   Code   RO           23    .text.Rcc           init.o
    0x08000b88   0x08000b88   0x00000208   Code   RO           41    .text.Second        delay.o
    0x08000d90   0x08000d90   0x00000056   Code   RO          264    .text.SystemInit    system_stm32f4xx.o
    0x08000de6   0x08000de6   0x00000002   PAD
    0x08000de8   0x08000de8   0x00000016   Code   RO           13    .text.Systick       init.o
    0x08000dfe   0x08000dfe   0x00000002   PAD
    0x08000e00   0x08000e00   0x000000a8   Code   RO           15    .text.Tim1          init.o
    0x08000ea8   0x08000ea8   0x00000050   Code   RO          211    .text.USART3_IRQHandler  irq.o
    0x08000ef8   0x08000ef8   0x00000078   Code   RO           17    .text.Uart          init.o
    0x08000f70   0x08000f70   0x00000082   Code   RO          192    .text.Uart1         dmatransfer.o
    0x08000ff2   0x08000ff2   0x00000002   PAD
    0x08000ff4   0x08000ff4   0x00000076   Code   RO          194    .text.Uart3         dmatransfer.o
    0x0800106a   0x0800106a   0x00000002   PAD
    0x0800106c   0x0800106c   0x0000009c   Code   RO          238    .text.bluetoothSendData  bluetooth.o
    0x08001108   0x08001108   0x00000030   Code   RO          240    .text.bluetoothSendString  bluetooth.o
    0x08001138   0x08001138   0x00000170   Code   RO          225    .text.coilsUpdate   motor.o
    0x080012a8   0x080012a8   0x00000006   Code   RO          136    .text.listClear     list.o
    0x080012ae   0x080012ae   0x00000002   PAD
    0x080012b0   0x080012b0   0x000000b8   Code   RO          134    .text.listCopy      list.o
    0x08001368   0x08001368   0x00000008   Code   RO          132    .text.listCount     list.o
    0x08001370   0x08001370   0x0000000e   Code   RO          140    .text.listIndexRead  list.o
    0x0800137e   0x0800137e   0x00000002   PAD
    0x08001380   0x08001380   0x0000000e   Code   RO          138    .text.listIndexWrite  list.o
    0x0800138e   0x0800138e   0x00000002   PAD
    0x08001390   0x08001390   0x00000048   Code   RO          162    .text.listReadByte  list.o
    0x080013d8   0x080013d8   0x000001e8   Code   RO          174    .text.listReadComplex  list.o
    0x080015c0   0x080015c0   0x00000108   Code   RO          172    .text.listReadFloat  list.o
    0x080016c8   0x080016c8   0x00000106   Code   RO          170    .text.listReadInt   list.o
    0x080017ce   0x080017ce   0x00000002   PAD
    0x080017d0   0x080017d0   0x00000092   Code   RO          166    .text.listReadShort  list.o
    0x08001862   0x08001862   0x00000002   PAD
    0x08001864   0x08001864   0x00000048   Code   RO          160    .text.listReadUbyte  list.o
    0x080018ac   0x080018ac   0x00000106   Code   RO          168    .text.listReadUint  list.o
    0x080019b2   0x080019b2   0x00000002   PAD
    0x080019b4   0x080019b4   0x00000090   Code   RO          164    .text.listReadUshort  list.o
    0x08001a44   0x08001a44   0x0000004a   Code   RO          144    .text.listWriteByte  list.o
    0x08001a8e   0x08001a8e   0x00000002   PAD
    0x08001a90   0x08001a90   0x000001ee   Code   RO          156    .text.listWriteComplex  list.o
    0x08001c7e   0x08001c7e   0x00000002   PAD
    0x08001c80   0x08001c80   0x00000100   Code   RO          154    .text.listWriteFloat  list.o
    0x08001d80   0x08001d80   0x000000fe   Code   RO          152    .text.listWriteInt  list.o
    0x08001e7e   0x08001e7e   0x00000002   PAD
    0x08001e80   0x08001e80   0x00000090   Code   RO          148    .text.listWriteShort  list.o
    0x08001f10   0x08001f10   0x00000068   Code   RO          158    .text.listWriteString  list.o
    0x08001f78   0x08001f78   0x0000004a   Code   RO          142    .text.listWriteUbyte  list.o
    0x08001fc2   0x08001fc2   0x00000002   PAD
    0x08001fc4   0x08001fc4   0x000000fe   Code   RO          150    .text.listWriteUint  list.o
    0x080020c2   0x080020c2   0x00000002   PAD
    0x080020c4   0x080020c4   0x00000086   Code   RO          146    .text.listWriteUshort  list.o
    0x0800214a   0x0800214a   0x00000002   PAD
    0x0800214c   0x0800214c   0x0000013c   Code   RO            2    .text.main          main.o
    0x08002288   0x08002288   0x0000009c   Code   RO           66    .text.printByte     print.o
    0x08002324   0x08002324   0x0000006c   Code   RO           70    .text.printComplex  print.o
    0x08002390   0x08002390   0x00000030   Code   RO           74    .text.printConstString  print.o
    0x080023c0   0x080023c0   0x00000104   Code   RO           68    .text.printFloat    print.o
    0x080024c4   0x080024c4   0x0000009c   Code   RO           58    .text.printInt      print.o
    0x08002560   0x08002560   0x00000100   Code   RO           86    .text.printLnByte   print.o
    0x08002660   0x08002660   0x00000258   Code   RO           90    .text.printLnComplex  print.o
    0x080028b8   0x080028b8   0x0000008a   Code   RO           94    .text.printLnConstString  print.o
    0x08002942   0x08002942   0x00000002   PAD
    0x08002944   0x08002944   0x0000006e   Code   RO           88    .text.printLnFloat  print.o
    0x080029b2   0x080029b2   0x00000002   PAD
    0x080029b4   0x080029b4   0x00000100   Code   RO           78    .text.printLnInt    print.o
    0x08002ab4   0x08002ab4   0x00000100   Code   RO           82    .text.printLnShort  print.o
    0x08002bb4   0x08002bb4   0x0000008a   Code   RO           92    .text.printLnString  print.o
    0x08002c3e   0x08002c3e   0x00000002   PAD
    0x08002c40   0x08002c40   0x000000ac   Code   RO           84    .text.printLnUbyte  print.o
    0x08002cec   0x08002cec   0x000000ac   Code   RO           76    .text.printLnUint   print.o
    0x08002d98   0x08002d98   0x000000ac   Code   RO           80    .text.printLnUshort  print.o
    0x08002e44   0x08002e44   0x0000009c   Code   RO           62    .text.printShort    print.o
    0x08002ee0   0x08002ee0   0x00000030   Code   RO           72    .text.printString   print.o
    0x08002f10   0x08002f10   0x00000058   Code   RO           64    .text.printUbyte    print.o
    0x08002f68   0x08002f68   0x00000058   Code   RO           56    .text.printUint     print.o
    0x08002fc0   0x08002fc0   0x00000058   Code   RO           60    .text.printUshort   print.o
    0x08003018   0x08003018   0x0000000e   Code   RO          223    .text.speedGet      motor.o
    0x08003026   0x08003026   0x00000002   PAD
    0x08003028   0x08003028   0x0000000e   Code   RO          221    .text.speedSet      motor.o
    0x08003036   0x08003036   0x00000002   PAD
    0x08003038   0x08003038   0x000000fe   Code   RO           96    .text.toStringFloat  print.o
    0x08003136   0x08003136   0x0000001a   Code   RO          369    x$fpl$fpinit        fz_wm.l(fpinit.o)
    0x08003150   0x08003150   0x00000008   Data   RO          245    .rodata.Bluetooth   bluetooth.o
    0x08003158   0x08003158   0x0000000c   Data   RO           43    .rodata.Delay       delay.o
    0x08003164   0x08003164   0x00000008   Data   RO          196    .rodata.DmaTransfer  dmatransfer.o
    0x0800316c   0x0800316c   0x00000024   Data   RO           29    .rodata.Init        init.o
    0x08003190   0x08003190   0x00000058   Data   RO          176    .rodata.List        list.o
    0x080031e8   0x080031e8   0x0000000c   Data   RO          227    .rodata.Motor       motor.o
    0x080031f4   0x080031f4   0x00000028   Data   RO          100    .rodata.Print       print.o
    0x0800321c   0x0800321c   0x00000028   Data   RO          101    .rodata.PrintLn     print.o
    0x08003244   0x08003244   0x00000020   Data   RO          228    .rodata.cst32       motor.o
    0x08003264   0x08003264   0x00000006   Data   RO           98    .rodata.str1.1      print.o
    0x0800326a   0x0800326a   0x0000001b   Data   RO          177    .rodata.str1.1      list.o
    0x08003285   0x08003285   0x0000000a   Data   RO          242    .rodata.str1.1      bluetooth.o
    0x0800328f   0x0800328f   0x00000001   PAD
    0x08003290   0x08003290   0x00000020   Data   RO          444    Region$$Table       anon$$obj.o


    Execution Region RW_IRAM1 (Exec base: 0x20000000, Load base: 0x080032b0, Size: 0x00002808, Max: 0x00020000, ABSOLUTE)

    Exec Addr    Load Addr    Size         Type   Attr      Idx    E Section Name        Object

    0x20000000   0x080032b0   0x00000034   Data   RW          104    .data..L_MergedGlobals  print.o
    0x20000034   0x080032e4   0x00000014   Data   RW          244    .data.listBluetooth  bluetooth.o
    0x20000048        -       0x00000060   Zero   RW          311    .bss                c_w.l(libspace.o)
    0x200000a8        -       0x00000014   Zero   RW          229    .bss..L_MergedGlobals  motor.o
    0x200000bc        -       0x00000100   Zero   RW          243    .bss.bluetooth      bluetooth.o
    0x200001bc        -       0x00000008   Zero   RW          183    .bss.listReadComplex.result  list.o
    0x200001c4        -       0x00000004   Zero   RW          182    .bss.listReadFloat.result  list.o
    0x200001c8        -       0x00000004   Zero   RW          181    .bss.listReadInt.result  list.o
    0x200001cc        -       0x00000002   Zero   RW          179    .bss.listReadShort.result  list.o
    0x200001ce   0x080032f8   0x00000002   PAD
    0x200001d0        -       0x00000004   Zero   RW          180    .bss.listReadUint.result  list.o
    0x200001d4        -       0x00000002   Zero   RW          178    .bss.listReadUshort.result  list.o
    0x200001d6        -       0x00002000   Zero   RW           99    .bss.print          print.o
    0x200021d6        -       0x00000010   Zero   RW          103    .bss.toStringInt.string  print.o
    0x200021e6        -       0x00000010   Zero   RW          246    .bss.toStringInt.string  bluetooth.o
    0x200021f6        -       0x00000010   Zero   RW          102    .bss.toStringUint.string  print.o
    0x20002206   0x080032f8   0x00000002   PAD
    0x20002208        -       0x00000200   Zero   RW          255    HEAP                startup_stm32f446xx.o
    0x20002408        -       0x00000400   Zero   RW          254    STACK               startup_stm32f446xx.o


==============================================================================

Image component sizes


      Code (inc. data)   RO Data    RW Data    ZI Data      Debug   Object Name

       204          0         18         20        272       2140   bluetooth.o
      1548         20         12          0          0       3814   delay.o
       248          0          8          0          0       2288   dmatransfer.o
      1356          0         36          0          0       6876   init.o
       152         12          0          0          0       1282   irq.o
      3724          0        115          0         24      16037   list.o
       316         48          0          0          0       1344   main.o
       396         28         44          0         20       2439   motor.o
      3720          0         86         52       8224      16831   print.o
        64         26        452          0       1536        840   startup_stm32f446xx.o
        86          0          0          0          0       2780   system_stm32f4xx.o

    ----------------------------------------------------------------------
     11862        134        804         72      10080      56671   Object Totals
         0          0         32          0          0          0   (incl. Generated)
        48          0          1          0          4          0   (incl. Padding)

    ----------------------------------------------------------------------

      Code (inc. data)   RO Data    RW Data    ZI Data      Debug   Library Member Name

         8          0          0          0          0         68   __main.o
         0          0          0          0          0          0   __rtentry.o
        12          0          0          0          0          0   __rtentry2.o
         6          0          0          0          0          0   __rtentry4.o
        52          8          0          0          0          0   __scatter.o
        26          0          0          0          0          0   __scatter_copy.o
        28          0          0          0          0          0   __scatter_zi.o
        18          0          0          0          0         80   exit.o
         6          0          0          0          0        152   heapauxi.o
         0          0          0          0          0          0   indicate_semi.o
         2          0          0          0          0          0   libinit.o
         6          0          0          0          0          0   libinit2.o
         2          0          0          0          0          0   libshutdown.o
         2          0          0          0          0          0   libshutdown2.o
         8          4          0          0         96         68   libspace.o
         2          0          0          0          0          0   rtexit.o
        10          0          0          0          0          0   rtexit2.o
        12          4          0          0          0         68   sys_exit.o
        74          0          0          0          0         80   sys_stackheap_outer.o
         2          0          0          0          0         68   use_no_semi.o
        26          0          0          0          0        116   fpinit.o

    ----------------------------------------------------------------------
       310         16          0          0         96        700   Library Totals
         8          0          0          0          0          0   (incl. Padding)

    ----------------------------------------------------------------------

      Code (inc. data)   RO Data    RW Data    ZI Data      Debug   Library Name

       276         16          0          0         96        584   c_w.l
        26          0          0          0          0        116   fz_wm.l

    ----------------------------------------------------------------------
       310         16          0          0         96        700   Library Totals

    ----------------------------------------------------------------------

==============================================================================


      Code (inc. data)   RO Data    RW Data    ZI Data      Debug   

     12172        150        804         72      10176      57071   Grand Totals
     12172        150        804         72      10176      57071   ELF Image Totals
     12172        150        804         72          0          0   ROM Totals

==============================================================================

    Total RO  Size (Code + RO Data)                12976 (  12.67kB)
    Total RW  Size (RW Data + ZI Data)             10248 (  10.01kB)
    Total ROM Size (Code + RO Data + RW Data)      13048 (  12.74kB)

==============================================================================

